################################################################################
#                                                                              #
#      IAR Universal Linker V6.4.3.84                                          #
#                                                                              #
#           Link time     =  07/Jul/2016  13:19:59                             #
#           Target CPU    =  MSP430                                            #
#           List file     =  "G:\06  Projekte\41  ES\314108 ESIMA @ BmbF\07 La #
#                            yout & Konstruktion\07 MSP Software\2016_03_11 EI #
#                            S\EIS_V1_1\List\EIS.map"                          #
#           Output file 1 =  "G:\06  Projekte\41  ES\314108 ESIMA @ BmbF\07 La #
#                            yout & Konstruktion\07 MSP Software\2016_03_11 EI #
#                            S\EIS_V1_1\Exe\EIS.d43"                           #
#                            Format: ubrof10                                   #
#                            UBROF version 10.0.6                              #
#                            Using library modules for C-SPY (-rt)             #
#           Command line  =  "G:\06  Projekte\41  ES\314108 ESIMA @ BmbF\07 La #
#                            yout & Konstruktion\07 MSP Software\2016_03_11 EI #
#                            S\EIS_V1_1\Obj\2D_Flow.r43"                       #
#                            "G:\06  Projekte\41  ES\314108 ESIMA @ BmbF\07 La #
#                            yout & Konstruktion\07 MSP Software\2016_03_11 EI #
#                            S\EIS_V1_1\Obj\BME280.r43"                        #
#                            "G:\06  Projekte\41  ES\314108 ESIMA @ BmbF\07 La #
#                            yout & Konstruktion\07 MSP Software\2016_03_11 EI #
#                            S\EIS_V1_1\Obj\BQ27200.r43"                       #
#                            "G:\06  Projekte\41  ES\314108 ESIMA @ BmbF\07 La #
#                            yout & Konstruktion\07 MSP Software\2016_03_11 EI #
#                            S\EIS_V1_1\Obj\descriptors.r43"                   #
#                            "G:\06  Projekte\41  ES\314108 ESIMA @ BmbF\07 La #
#                            yout & Konstruktion\07 MSP Software\2016_03_11 EI #
#                            S\EIS_V1_1\Obj\dma.r43"                           #
#                            "G:\06  Projekte\41  ES\314108 ESIMA @ BmbF\07 La #
#                            yout & Konstruktion\07 MSP Software\2016_03_11 EI #
#                            S\EIS_V1_1\Obj\EE893.r43"                         #
#                            "G:\06  Projekte\41  ES\314108 ESIMA @ BmbF\07 La #
#                            yout & Konstruktion\07 MSP Software\2016_03_11 EI #
#                            S\EIS_V1_1\Obj\HAL_FLASH.r43"                     #
#                            "G:\06  Projekte\41  ES\314108 ESIMA @ BmbF\07 La #
#                            yout & Konstruktion\07 MSP Software\2016_03_11 EI #
#                            S\EIS_V1_1\Obj\HAL_PMM.r43"                       #
#                            "G:\06  Projekte\41  ES\314108 ESIMA @ BmbF\07 La #
#                            yout & Konstruktion\07 MSP Software\2016_03_11 EI #
#                            S\EIS_V1_1\Obj\HAL_TLV.r43"                       #
#                            "G:\06  Projekte\41  ES\314108 ESIMA @ BmbF\07 La #
#                            yout & Konstruktion\07 MSP Software\2016_03_11 EI #
#                            S\EIS_V1_1\Obj\HAL_UCS.r43"                       #
#                            "G:\06  Projekte\41  ES\314108 ESIMA @ BmbF\07 La #
#                            yout & Konstruktion\07 MSP Software\2016_03_11 EI #
#                            S\EIS_V1_1\Obj\I2C_USCI_Modul.r43"                #
#                            "G:\06  Projekte\41  ES\314108 ESIMA @ BmbF\07 La #
#                            yout & Konstruktion\07 MSP Software\2016_03_11 EI #
#                            S\EIS_V1_1\Obj\low_level_init.r43"                #
#                            "G:\06  Projekte\41  ES\314108 ESIMA @ BmbF\07 La #
#                            yout & Konstruktion\07 MSP Software\2016_03_11 EI #
#                            S\EIS_V1_1\Obj\main.r43"                          #
#                            "G:\06  Projekte\41  ES\314108 ESIMA @ BmbF\07 La #
#                            yout & Konstruktion\07 MSP Software\2016_03_11 EI #
#                            S\EIS_V1_1\Obj\OLED.r43"                          #
#                            "G:\06  Projekte\41  ES\314108 ESIMA @ BmbF\07 La #
#                            yout & Konstruktion\07 MSP Software\2016_03_11 EI #
#                            S\EIS_V1_1\Obj\pre_init.r43"                      #
#                            "G:\06  Projekte\41  ES\314108 ESIMA @ BmbF\07 La #
#                            yout & Konstruktion\07 MSP Software\2016_03_11 EI #
#                            S\EIS_V1_1\Obj\Radio_Modul_DMA.r43"               #
#                            "G:\06  Projekte\41  ES\314108 ESIMA @ BmbF\07 La #
#                            yout & Konstruktion\07 MSP Software\2016_03_11 EI #
#                            S\EIS_V1_1\Obj\RF430.r43"                         #
#                            "G:\06  Projekte\41  ES\314108 ESIMA @ BmbF\07 La #
#                            yout & Konstruktion\07 MSP Software\2016_03_11 EI #
#                            S\EIS_V1_1\Obj\Si1132.r43"                        #
#                            "G:\06  Projekte\41  ES\314108 ESIMA @ BmbF\07 La #
#                            yout & Konstruktion\07 MSP Software\2016_03_11 EI #
#                            S\EIS_V1_1\Obj\SPI_UCSI_Modul.r43"                #
#                            "G:\06  Projekte\41  ES\314108 ESIMA @ BmbF\07 La #
#                            yout & Konstruktion\07 MSP Software\2016_03_11 EI #
#                            S\EIS_V1_1\Obj\Task_Manager.r43"                  #
#                            "G:\06  Projekte\41  ES\314108 ESIMA @ BmbF\07 La #
#                            yout & Konstruktion\07 MSP Software\2016_03_11 EI #
#                            S\EIS_V1_1\Obj\UnusedInterrupts.r43"              #
#                            "G:\06  Projekte\41  ES\314108 ESIMA @ BmbF\07 La #
#                            yout & Konstruktion\07 MSP Software\2016_03_11 EI #
#                            S\EIS_V1_1\Obj\usb.r43"                           #
#                            "G:\06  Projekte\41  ES\314108 ESIMA @ BmbF\07 La #
#                            yout & Konstruktion\07 MSP Software\2016_03_11 EI #
#                            S\EIS_V1_1\Obj\USB_PC_Com.r43"                    #
#                            "G:\06  Projekte\41  ES\314108 ESIMA @ BmbF\07 La #
#                            yout & Konstruktion\07 MSP Software\2016_03_11 EI #
#                            S\EIS_V1_1\Obj\UsbCdc.r43"                        #
#                            "G:\06  Projekte\41  ES\314108 ESIMA @ BmbF\07 La #
#                            yout & Konstruktion\07 MSP Software\2016_03_11 EI #
#                            S\EIS_V1_1\Obj\usbConstructs.r43"                 #
#                            "G:\06  Projekte\41  ES\314108 ESIMA @ BmbF\07 La #
#                            yout & Konstruktion\07 MSP Software\2016_03_11 EI #
#                            S\EIS_V1_1\Obj\usbEventHandling.r43"              #
#                            "G:\06  Projekte\41  ES\314108 ESIMA @ BmbF\07 La #
#                            yout & Konstruktion\07 MSP Software\2016_03_11 EI #
#                            S\EIS_V1_1\Obj\UsbIsr.r43"                        #
#                            -o                                                #
#                            "G:\06  Projekte\41  ES\314108 ESIMA @ BmbF\07 La #
#                            yout & Konstruktion\07 MSP Software\2016_03_11 EI #
#                            S\EIS_V1_1\Exe\EIS.d43"                           #
#                            -l                                                #
#                            "G:\06  Projekte\41  ES\314108 ESIMA @ BmbF\07 La #
#                            yout & Konstruktion\07 MSP Software\2016_03_11 EI #
#                            S\EIS_V1_1\List\EIS.map"                          #
#                            -xmsn                                             #
#                            "-IE:\Program Files (x86)\IAR Systems\Embedded Wo #
#                            rkbench 7.3\430\LIB\"                             #
#                            -f                                                #
#                            "E:\Program Files (x86)\IAR Systems\Embedded Work #
#                            bench 7.3\430\config\linker\lnk430f6658.xcl"      #
#                            (-cmsp430 -QCODE_I=CODE_ID -QTLS16_I=TLS16_ID     #
#                            -D__iar_HWMUL=4C0 -Z(CONST)INFO=1800-19FF         #
#                            -Z(CONST)INFOA=1980-19FF                          #
#                            -Z(CONST)INFOB=1900-197F                          #
#                            -Z(CONST)INFOC=1880-18FF                          #
#                            -Z(CONST)INFOD=1800-187F                          #
#                            -Z(DATA)USBRAM=1C00-23FF                          #
#                            -Z(DATA)DATA16_I,DATA16_Z,DATA16_N,TLS16_I=2400-6 #
#                            3FF                                               #
#                            -Z(DATA)DATA16_HEAP+_DATA16_HEAP_SIZE             #
#                            -Z(DATA)CODE_I -Z(DATA)CSTACK+_STACK_SIZE#        #
#                            -Z(DATA)DATA20_I,DATA20_Z,DATA20_N,DATA20_HEAP+_D #
#                            ATA20_HEAP_SIZE=2400-63FF,F8000-FBFFF             #
#                            -Z(CONST)DATA16_C,DATA16_ID,TLS16_ID,DIFUNCT,CHEC #
#                            KSUM=8000-FF7F                                    #
#                            -Z(CODE)CSTART,ISR_CODE,CODE16=8000-FF7F          #
#                            -P(CODE)CODE=8000-FF7F,10000-67FFF                #
#                            -Z(CONST)DATA20_C,DATA20_ID,CODE_ID=8000-FF7F,100 #
#                            40-67FFF                                          #
#                            -Z(CODE)INTVEC=FF80-FFFF                          #
#                            -Z(CODE)RESET=FFFE-FFFF) -f                       #
#                            "E:\Program Files (x86)\IAR Systems\Embedded Work #
#                            bench 7.3\430\config\linker\multiplier32.xcl"     #
#                            (-e?Mul8Hw=?Mul8 -e?Mul16Hw=?Mul16                #
#                            -e?Mul16to32uHw=?Mul16to32u                       #
#                            -e?Mul16to32sHw=?Mul16to32s -e?Mul32Hw32=?Mul32   #
#                            -e?Mul64Hw32=_Mul64i                              #
#                            -e?Mul32u32uto64iHw32=_Mul32u32uto64i             #
#                            -e?Mul32fHw32=_Mul32f                             #
#                            -e_Mul64fHw32Ptr=_Mul64fPtr) -D_STACK_SIZE=400    #
#                            -rt                                               #
#                            "E:\Program Files (x86)\IAR Systems\Embedded Work #
#                            bench 7.3\430\lib\dlib\dl430xlmfn.r43"            #
#                            -e_PrintfFullNoMb=_Printf                         #
#                            -e_ScanfFullNoMb=_Scanf -D_DATA16_HEAP_SIZE=1F4   #
#                            -s __program_start -D_DATA20_HEAP_SIZE=0          #
#                                                                              #
#                           Copyright (C) 1987-2016 IAR Systems AB.            #
################################################################################





                ****************************************
                *                                      *
                *           CROSS REFERENCE            *
                *                                      *
                ****************************************

       Program entry at :           8D2C  Relocatable, from module : ?cstart




                ****************************************
                *                                      *
                *            RUNTIME MODEL             *
                *                                      *
                ****************************************

  __Heap_Handler             = Basic
  __SystemLibrary            = DLib
  __code_model               = large
  __core                     = 430X
  __data_model               = medium
  __dlib_file_descriptor     = 0
  __dlib_full_locale_support = 0
  __double_size              = 32
  __pic                      = no
  __reg_r4                   = free
  __reg_r5                   = free
  __rt_version               = 3

                ****************************************
                *                                      *
                *    AUTOMATIC SYMBOL REDIRECTIONS     *
                *                                      *
                ****************************************

                  There are no automatic symbol redirections.



                ****************************************
                *                                      *
                *              MODULE MAP              *
                *                                      *
                ****************************************


  DEFINED ABSOLUTE ENTRIES
    *************************************************************************

  DEFINED ABSOLUTE ENTRIES
  PROGRAM MODULE, NAME : ?ABS_ENTRY_MOD

Absolute parts
           ENTRY                   ADDRESS         REF BY
           =====                   =======         ======
           _DATA20_HEAP_SIZE       0000 
           _DATA16_HEAP_SIZE       01F4 
           _STACK_SIZE             0400 
           __iar_HWMUL             04C0            ?Mul16to32sHw (?Mul16to32sHw)
                                                   ?Mul32Hw32 (?Mul32Hw32)
                                                   ?Mul32fHw32 (?Mul32fHw32)
                                                   ?Mul64Hw32 (?Mul64Hw32)
                                                   BME280_compensate_P_int32 (BME280)
                                                   BQ27200_GetAverageCurrent (BQ27200)
                                                   Radio_Send_BME280_Data (Radio_Modul_DMA)
    *************************************************************************

  FILE NAME : G:\06  Projekte\41  ES\314108 ESIMA @ BmbF\07 Layout & Konstruktion\07 MSP Software\2016_03_11 EIS\EIS_V1_1\Obj\2D_Flow.r43
  PROGRAM MODULE, NAME : 2D_Flow

  SEGMENTS IN THE MODULE
  ======================
DATA16_AN
  Relative segment, address: 0700 - 0701 (0x2 bytes), align: 0
  Segment part 1. ROOT        Intra module refs:   Flow_Heizer_On
                                                   Flow_Init
                                                   Flow_MESSUNG_READ_SENSOR
                                                   Flow_MESSUNG_START
                                                   Flow_Send_Return
                                                   Flow_Stream_Read_Sensor
           ENTRY                   ADDRESS         REF BY
           =====                   =======         ======
           _A_ADC12CTL0_L          0700 
           LOCAL                   ADDRESS         
           =====                   =======         
           ADC12CTL0               0700 
           ADC12CTL0_H             0701 
           ADC12CTL0_L             0700 
    -------------------------------------------------------------------------
DATA16_AN
  Relative segment, address: 0702 - 0703 (0x2 bytes), align: 0
  Segment part 2. ROOT        Intra module refs:   Flow_Init
           ENTRY                   ADDRESS         REF BY
           =====                   =======         ======
           _A_ADC12CTL1_L          0702 
           LOCAL                   ADDRESS         
           =====                   =======         
           ADC12CTL1               0702 
           ADC12CTL1_H             0703 
           ADC12CTL1_L             0702 
    -------------------------------------------------------------------------
DATA16_AN
  Relative segment, address: 0720 - 0721 (0x2 bytes), align: 0
  Segment part 3. ROOT        Intra module refs:   Flow_MESSUNG_READ_SENSOR
                                                   Flow_Stream_Read_Sensor
           ENTRY                   ADDRESS         REF BY
           =====                   =======         ======
           _A_ADC12MEM0_L          0720 
           LOCAL                   ADDRESS         
           =====                   =======         
           ADC12MEM0               0720 
           ADC12MEM0_H             0721 
           ADC12MEM0_L             0720 
    -------------------------------------------------------------------------
DATA16_AN
  Relative segment, address: 0722 - 0723 (0x2 bytes), align: 0
  Segment part 4. ROOT        Intra module refs:   Flow_MESSUNG_READ_SENSOR
                                                   Flow_Stream_Read_Sensor
           ENTRY                   ADDRESS         REF BY
           =====                   =======         ======
           _A_ADC12MEM1_L          0722 
           LOCAL                   ADDRESS         
           =====                   =======         
           ADC12MEM1               0722 
           ADC12MEM1_H             0723 
           ADC12MEM1_L             0722 
    -------------------------------------------------------------------------
DATA16_AN
  Relative segment, address: 0724 - 0725 (0x2 bytes), align: 0
  Segment part 5. ROOT        Intra module refs:   Flow_MESSUNG_READ_SENSOR
                                                   Flow_Stream_Read_Sensor
           ENTRY                   ADDRESS         REF BY
           =====                   =======         ======
           _A_ADC12MEM2_L          0724 
           LOCAL                   ADDRESS         
           =====                   =======         
           ADC12MEM2               0724 
           ADC12MEM2_H             0725 
           ADC12MEM2_L             0724 
    -------------------------------------------------------------------------
DATA16_AN
  Relative segment, address: 0726 - 0727 (0x2 bytes), align: 0
  Segment part 6. ROOT        Intra module refs:   Flow_MESSUNG_READ_SENSOR
                                                   Flow_Stream_Read_Sensor
           ENTRY                   ADDRESS         REF BY
           =====                   =======         ======
           _A_ADC12MEM3_L          0726 
           LOCAL                   ADDRESS         
           =====                   =======         
           ADC12MEM3               0726 
           ADC12MEM3_H             0727 
           ADC12MEM3_L             0726 
    -------------------------------------------------------------------------
DATA16_AN
  Relative segment, address: 0710 - 0710 (0x1 bytes), align: 0
  Segment part 7. ROOT        Intra module refs:   Flow_Init
           ENTRY                   ADDRESS         REF BY
           =====                   =======         ======
           ADC12MCTL0              0710 
    -------------------------------------------------------------------------
DATA16_AN
  Relative segment, address: 0711 - 0711 (0x1 bytes), align: 0
  Segment part 8. ROOT        Intra module refs:   Flow_Init
           ENTRY                   ADDRESS         REF BY
           =====                   =======         ======
           ADC12MCTL1              0711 
    -------------------------------------------------------------------------
DATA16_AN
  Relative segment, address: 0712 - 0712 (0x1 bytes), align: 0
  Segment part 9. ROOT        Intra module refs:   Flow_Init
           ENTRY                   ADDRESS         REF BY
           =====                   =======         ======
           ADC12MCTL2              0712 
    -------------------------------------------------------------------------
DATA16_AN
  Relative segment, address: 0713 - 0713 (0x1 bytes), align: 0
  Segment part 10. ROOT       Intra module refs:   Flow_Init
           ENTRY                   ADDRESS         REF BY
           =====                   =======         ======
           ADC12MCTL3              0713 
    -------------------------------------------------------------------------
DATA16_AN
  Relative segment, address: 0790 - 0791 (0x2 bytes), align: 0
  Segment part 11. ROOT       Intra module refs:   Flow_Heizer_On
                                                   Flow_Init
                                                   Flow_MESSUNG_READ_SENSOR
                                                   Flow_Send_Return
           ENTRY                   ADDRESS         REF BY
           =====                   =======         ======
           DAC12_1CTL0             0790 
    -------------------------------------------------------------------------
DATA16_AN
  Relative segment, address: 0792 - 0793 (0x2 bytes), align: 0
  Segment part 12. ROOT       Intra module refs:   Flow_Init
           ENTRY                   ADDRESS         REF BY
           =====                   =======         ======
           DAC12_1CTL1             0792 
    -------------------------------------------------------------------------
DATA16_AN
  Relative segment, address: 0794 - 0795 (0x2 bytes), align: 0
  Segment part 13. ROOT       Intra module refs:   Flow_Init
                                                   Flow_Set_Heizer_DAC
           ENTRY                   ADDRESS         REF BY
           =====                   =======         ======
           DAC12_1DAT              0794 
    -------------------------------------------------------------------------
DATA16_AN
  Relative segment, address: 0202 - 0203 (0x2 bytes), align: 0
  Segment part 14. ROOT       Intra module refs:   Flow_Heizer_On
                                                   Flow_MESSUNG_READ_SENSOR
                                                   Flow_Send_Return
                                                   OLED_Show_Akku_Data (OLED)
                                                   PortInit (main)
                                                   Task_CheckPowerPlug (Task_Manager)
                                                   USB_handleEnumCompleteEvent (usbEventHandling)
                                                   USB_handleResetEvent (usbEventHandling)
                                                   USB_handleResumeEvent (usbEventHandling)
                                                   USB_handleSuspendEvent (usbEventHandling)
                                                   USB_handleVbusOnEvent (usbEventHandling)
           ENTRY                   ADDRESS         REF BY
           =====                   =======         ======
           _A_PAOUT_L              0202 
           LOCAL                   ADDRESS         
           =====                   =======         
           PAOUT                   0202 
           PAOUT_H                 0203 
           PAOUT_L                 0202 
    -------------------------------------------------------------------------
DATA16_AN
  Relative segment, address: 01B0 - 01B1 (0x2 bytes), align: 0
  Segment part 15. ROOT       Intra module refs:   Flow_ADREF_On
                                                   Flow_MESSUNG_READ_SENSOR
                                                   Flow_Send_Return
           ENTRY                   ADDRESS         REF BY
           =====                   =======         ======
           _A_REFCTL0_L            01B0 
           LOCAL                   ADDRESS         
           =====                   =======         
           REFCTL0                 01B0 
           REFCTL0_H               01B1 
           REFCTL0_L               01B0 
    -------------------------------------------------------------------------
<CODE> 2 (was CODE)
  Relative segment, address: 0001357A - 0001357F (0x6 bytes), align: 1
  Segment part 39.            Intra module refs:   Flow_MESSUNG_START
                                                   Flow_Send_Return
                                                   Si1132_MESSUNG_START (Si1132)
                                                   Si1132_STREAM_SEND_RETURN (Si1132)
           ENTRY                   ADDRESS         REF BY
           =====                   =======         ======
           isTaskInStreamingMode   0001357A 
    -------------------------------------------------------------------------
DATA16_Z
  Relative segment, address: 25DE - 25EF (0x12 bytes), align: 1
  Segment part 19.            Intra module refs:   Flow_GetMessData
                                                   Flow_MESSUNG_READ_SENSOR
                                                   Flow_Stream_Read_Sensor
           ENTRY                   ADDRESS         REF BY
           =====                   =======         ======
           mstFlow_Data            25DE 
    -------------------------------------------------------------------------
DATA16_Z
  Relative segment, address: 25F0 - 2609 (0x1a bytes), align: 1
  Segment part 20.            Intra module refs:   Flow_IDEL
                                                   Flow_Init
                                                   Flow_MESSUNG_READ_SENSOR
                                                   Flow_SetMessAnzahl
           ENTRY                   ADDRESS         REF BY
           =====                   =======         ======
           mstFlow_AVG             25F0 
    -------------------------------------------------------------------------
DATA20_AC
  Relative segment, address: 00010000 - 000107FF (0x800 bytes), align: 0
  Segment part 16. ROOT       Intra module refs:   Flow_ClearLookUpTables
                                                   Flow_Init
                                                   Flow_LoadLookUpTable
                                                   Flow_MESSUNG_READ_SENSOR
                                                   Flow_SetIndendityFlowTable
                                                   Flow_Stream_Read_Sensor
           LOCAL                   ADDRESS         
           =====                   =======         
           mciFlow_X               00010000 
    -------------------------------------------------------------------------
DATA20_AC
  Relative segment, address: 00010800 - 00010FFF (0x800 bytes), align: 0
  Segment part 17. ROOT       Intra module refs:   Flow_ClearLookUpTables
                                                   Flow_Init
                                                   Flow_LoadLookUpTable
                                                   Flow_MESSUNG_READ_SENSOR
                                                   Flow_SetIndendityFlowTable
                                                   Flow_Stream_Read_Sensor
           LOCAL                   ADDRESS         
           =====                   =======         
           mciFlow_Y               00010800 
    -------------------------------------------------------------------------
<CODE> 1 (was CODE)
  Relative segment, address: F66A - F6ED (0x84 bytes), align: 1
  Segment part 38.
           ENTRY                   ADDRESS         REF BY
           =====                   =======         ======
           Flow_Init               F66A            main (main)
               calls direct
    -------------------------------------------------------------------------
<CODE> 2 (was CODE)
  Relative segment, address: 00012E54 - 00012E6F (0x1c bytes), align: 1
  Segment part 37.
           ENTRY                   ADDRESS         REF BY
           =====                   =======         ======
           Flow_SetMessInterval    00012E54        RF430_TryInterpretCMD (RF430)
                                                   Radio_Interpret_Receive_Data (Radio_Modul_DMA)
                                                   USB_SetParameter (USB_PC_Com)
               calls direct
    -------------------------------------------------------------------------
<CODE> 2 (was CODE)
  Relative segment, address: 00013568 - 0001356D (0x6 bytes), align: 1
  Segment part 36.
           ENTRY                   ADDRESS         REF BY
           =====                   =======         ======
           Flow_SetMessAnzahl      00013568        RF430_TryInterpretCMD (RF430)
                                                   Radio_Interpret_Receive_Data (Radio_Modul_DMA)
                                                   USB_SetParameter (USB_PC_Com)
    -------------------------------------------------------------------------
<CODE> 2 (was CODE)
  Relative segment, address: 00013550 - 00013555 (0x6 bytes), align: 1
  Segment part 35.
           ENTRY                   ADDRESS         REF BY
           =====                   =======         ======
           Flow_Set_Heizer_DAC     00013550        USB_SetParameter (USB_PC_Com)
    -------------------------------------------------------------------------
<CODE> 1 (was CODE)
  Relative segment, address: FF54 - FF7F (0x2c bytes), align: 1
  Segment part 34.
           ENTRY                   ADDRESS         REF BY
           =====                   =======         ======
           Flow_ClearLookUpTables
                                   FF54            USB_Task (USB_PC_Com)
               calls direct
    -------------------------------------------------------------------------
<CODE> 2 (was CODE)
  Relative segment, address: 000132BA - 000132C9 (0x10 bytes), align: 1
  Segment part 33.
           ENTRY                   ADDRESS         REF BY
           =====                   =======         ======
           Flow_SetIndendityFlowTable
                                   000132BA        USB_Task (USB_PC_Com)
               calls direct
    -------------------------------------------------------------------------
<CODE> 2 (was CODE)
  Relative segment, address: 0001224A - 00012281 (0x38 bytes), align: 1
  Segment part 32.
           ENTRY                   ADDRESS         REF BY
           =====                   =======         ======
           Flow_LoadLookUpTable    0001224A        USB_Task (USB_PC_Com)
               calls direct
    -------------------------------------------------------------------------
<CODE> 2 (was CODE)
  Relative segment, address: 0001177E - 000117C7 (0x4a bytes), align: 1
  Segment part 31.            Intra module refs:   Flow_Init
                                                   Flow_SetIndendityFlowTable
           ENTRY                   ADDRESS         REF BY
           =====                   =======         ======
           FillFlowLookUpIndendity
                                   0001177E 
               calls direct
    -------------------------------------------------------------------------
<CODE> 2 (was CODE)
  Relative segment, address: 0001358C - 00013591 (0x6 bytes), align: 1
  Segment part 30.
           ENTRY                   ADDRESS         REF BY
           =====                   =======         ======
           Flow_GetMessData        0001358C        Task_Send_Flow_Daten (Task_Manager)
                                                   Task_StreamSend_Flow_Daten (Task_Manager)
    -------------------------------------------------------------------------
<CODE> 2 (was CODE)
  Relative segment, address: 00011B12 - 00011B55 (0x44 bytes), align: 1
  Segment part 29.            Intra module refs:   Flow_Init
                                                   Segment part 22
           ENTRY                   ADDRESS         REF BY
           =====                   =======         ======
           Flow_IDEL               00011B12 
    -------------------------------------------------------------------------
<CODE> 2 (was CODE)
  Relative segment, address: 00013412 - 0001341D (0xc bytes), align: 1
  Segment part 28.            Intra module refs:   Segment part 22
           ENTRY                   ADDRESS         REF BY
           =====                   =======         ======
           Flow_ADREF_On           00013412 
    -------------------------------------------------------------------------
<CODE> 2 (was CODE)
  Relative segment, address: 000130FC - 00013111 (0x16 bytes), align: 1
  Segment part 27.            Intra module refs:   Segment part 22
           ENTRY                   ADDRESS         REF BY
           =====                   =======         ======
           Flow_Heizer_On          000130FC 
    -------------------------------------------------------------------------
<CODE> 2 (was CODE)
  Relative segment, address: 00012DC4 - 00012DE1 (0x1e bytes), align: 1
  Segment part 26.            Intra module refs:   Segment part 22
           ENTRY                   ADDRESS         REF BY
           =====                   =======         ======
           Flow_MESSUNG_START      00012DC4 
               calls direct
    -------------------------------------------------------------------------
<CODE> 1 (was CODE)
  Relative segment, address: D59E - D6CD (0x130 bytes), align: 1
  Segment part 25.            Intra module refs:   Segment part 22
           ENTRY                   ADDRESS         REF BY
           =====                   =======         ======
           Flow_MESSUNG_READ_SENSOR
                                   D59E 
               calls direct
    -------------------------------------------------------------------------
<CODE> 2 (was CODE)
  Relative segment, address: 00011734 - 0001177D (0x4a bytes), align: 1
  Segment part 24.            Intra module refs:   Segment part 22
           ENTRY                   ADDRESS         REF BY
           =====                   =======         ======
           Flow_Stream_Read_Sensor
                                   00011734 
    -------------------------------------------------------------------------
<CODE> 2 (was CODE)
  Relative segment, address: 000123FA - 0001242D (0x34 bytes), align: 1
  Segment part 23.            Intra module refs:   Segment part 22
           ENTRY                   ADDRESS         REF BY
           =====                   =======         ======
           Flow_Send_Return        000123FA 
               calls direct
    -------------------------------------------------------------------------
DATA16_I
  Relative segment, address: 2400 - 2447 (0x48 bytes), align: 1
  Segment part 21.            Intra module refs:   Flow_Init
                                                   Flow_SetMessInterval
           ENTRY                   ADDRESS         REF BY
           =====                   =======         ======
           gstFlow_Func_Table      2400            Segment part 20 (Task_Manager)
    -------------------------------------------------------------------------
DATA16_ID
  Relative segment, address: 8B4E - 8B95 (0x48 bytes), align: 1
  Segment part 22.            Intra module refs:   gstFlow_Func_Table

    *************************************************************************

  FILE NAME : G:\06  Projekte\41  ES\314108 ESIMA @ BmbF\07 Layout & Konstruktion\07 MSP Software\2016_03_11 EIS\EIS_V1_1\Obj\BME280.r43
  PROGRAM MODULE, NAME : BME280

  SEGMENTS IN THE MODULE
  ======================
DATA16_Z
  Relative segment, address: 260A - 2621 (0x18 bytes), align: 1
  Segment part 2.             Intra module refs:   BME280_Init
                                                   BME280_compensate_P_int32
                                                   BME280_compensate_T_int32
           ENTRY                   ADDRESS         REF BY
           =====                   =======         ======
           mstCOM_T_P              260A 
    -------------------------------------------------------------------------
DATA16_Z
  Relative segment, address: 2622 - 262D (0xc bytes), align: 1
  Segment part 3.             Intra module refs:   BME280_Init
                                                   bme280_compensate_H_int32
           ENTRY                   ADDRESS         REF BY
           =====                   =======         ======
           mstCOM_H                2622 
    -------------------------------------------------------------------------
DATA16_Z
  Relative segment, address: 262E - 2631 (0x4 bytes), align: 1
  Segment part 5.             Intra module refs:   BME280_Init
           ENTRY                   ADDRESS         REF BY
           =====                   =======         ======
           mulExpectedMessTime     262E 
    -------------------------------------------------------------------------
DATA16_Z
  Relative segment, address: 2632 - 263F (0xe bytes), align: 1
  Segment part 6.             Intra module refs:   BME280_GetLastMessdata
                                                   BME280_MESSUNG_READ_SENSOR
           ENTRY                   ADDRESS         REF BY
           =====                   =======         ======
           mstMessData             2632 
    -------------------------------------------------------------------------
DATA16_I
  Relative segment, address: 2448 - 2467 (0x20 bytes), align: 1
  Segment part 7.             Intra module refs:   BME280_SetMessinterval
           ENTRY                   ADDRESS         REF BY
           =====                   =======         ======
           gstBME280_Func_Table    2448            Segment part 20 (Task_Manager)
    -------------------------------------------------------------------------
<CODE> 1 (was CODE)
  Relative segment, address: C2A2 - C41F (0x17e bytes), align: 1
  Segment part 19.
           ENTRY                   ADDRESS         REF BY
           =====                   =======         ======
           BME280_Init             C2A2            main (main)
               calls direct
    -------------------------------------------------------------------------
<CODE> 2 (was CODE)
  Relative segment, address: 000135B0 - 000135B5 (0x6 bytes), align: 1
  Segment part 18.
           ENTRY                   ADDRESS         REF BY
           =====                   =======         ======
           BME280_GetLastMessdata
                                   000135B0        Task_Send_BME280_Daten (Task_Manager)
    -------------------------------------------------------------------------
<CODE> 2 (was CODE)
  Relative segment, address: 00012212 - 00012249 (0x38 bytes), align: 1
  Segment part 17.            Intra module refs:   BME280_Init
           ENTRY                   ADDRESS         REF BY
           =====                   =======         ======
           BME280_SetMessinterval
                                   00012212        RF430_TryInterpretCMD (RF430)
                                                   Radio_Interpret_Receive_Data (Radio_Modul_DMA)
                                                   USB_SetParameter (USB_PC_Com)
               calls direct
    -------------------------------------------------------------------------
<CODE> 2 (was CODE)
  Relative segment, address: 000135AA - 000135AF (0x6 bytes), align: 1
  Segment part 16.            Intra module refs:   Segment part 8
           ENTRY                   ADDRESS         REF BY
           =====                   =======         ======
           BME280_IDEL             000135AA 
    -------------------------------------------------------------------------
<CODE> 2 (was CODE)
  Relative segment, address: 00012CAC - 00012CCB (0x20 bytes), align: 1
  Segment part 15.            Intra module refs:   Segment part 8
           ENTRY                   ADDRESS         REF BY
           =====                   =======         ======
           BME280_MESSUNG_START    00012CAC 
               calls direct
    -------------------------------------------------------------------------
<CODE> 1 (was CODE)
  Relative segment, address: DD62 - DE5B (0xfa bytes), align: 1
  Segment part 14.            Intra module refs:   Segment part 8
           ENTRY                   ADDRESS         REF BY
           =====                   =======         ======
           BME280_MESSUNG_READ_SENSOR
                                   DD62 
               calls direct
    -------------------------------------------------------------------------
DATA16_Z
  Relative segment, address: 2640 - 2643 (0x4 bytes), align: 1
  Segment part 9.             Intra module refs:   BME280_compensate_P_int32
                                                   BME280_compensate_T_int32
                                                   bme280_compensate_H_int32
           ENTRY                   ADDRESS         REF BY
           =====                   =======         ======
           t_fine                  2640 
    -------------------------------------------------------------------------
<CODE> 1 (was CODE)
  Relative segment, address: E6C6 - E779 (0xb4 bytes), align: 1
  Segment part 12.            Intra module refs:   BME280_MESSUNG_READ_SENSOR
           ENTRY                   ADDRESS         REF BY
           =====                   =======         ======
           BME280_compensate_T_int32
                                   E6C6 
               calls direct
    -------------------------------------------------------------------------
<CODE> 1 (was CODE)
  Relative segment, address: AFE0 - B225 (0x246 bytes), align: 1
  Segment part 11.            Intra module refs:   BME280_MESSUNG_READ_SENSOR
           ENTRY                   ADDRESS         REF BY
           =====                   =======         ======
           BME280_compensate_P_int32
                                   AFE0 
               calls direct
    -------------------------------------------------------------------------
<CODE> 1 (was CODE)
  Relative segment, address: CF48 - D097 (0x150 bytes), align: 1
  Segment part 10.            Intra module refs:   BME280_MESSUNG_READ_SENSOR
           ENTRY                   ADDRESS         REF BY
           =====                   =======         ======
           bme280_compensate_H_int32
                                   CF48 
               calls direct
    -------------------------------------------------------------------------
DATA16_ID
  Relative segment, address: 8B96 - 8BB5 (0x20 bytes), align: 1
  Segment part 8.             Intra module refs:   gstBME280_Func_Table

    *************************************************************************

  FILE NAME : G:\06  Projekte\41  ES\314108 ESIMA @ BmbF\07 Layout & Konstruktion\07 MSP Software\2016_03_11 EIS\EIS_V1_1\Obj\BQ27200.r43
  PROGRAM MODULE, NAME : BQ27200

  SEGMENTS IN THE MODULE
  ======================
<CODE> 1 (was CODE)
  Relative segment, address: E8DA - E983 (0xaa bytes), align: 1
  Segment part 5.
           ENTRY                   ADDRESS         REF BY
           =====                   =======         ======
           BQ27200_Init            E8DA            main (main)
               calls direct
    -------------------------------------------------------------------------
<CODE> 2 (was CODE)
  Relative segment, address: 00011CA4 - 00011CE5 (0x42 bytes), align: 1
  Segment part 4.
           ENTRY                   ADDRESS         REF BY
           =====                   =======         ======
           BQ27200_GetRelPower     00011CA4        Radio_Init (Radio_Modul_DMA)
                                                   Task_Send_Akku_Daten (Task_Manager)
                                                   USB_Task (USB_PC_Com)
               calls direct
    -------------------------------------------------------------------------
<CODE> 2 (was CODE)
  Relative segment, address: 0001308E - 000130A3 (0x16 bytes), align: 1
  Segment part 3.
           ENTRY                   ADDRESS         REF BY
           =====                   =======         ======
           BQ27200_GetAkkuSpannung
                                   0001308E        USB_Task (USB_PC_Com)
               calls direct
    -------------------------------------------------------------------------
<CODE> 1 (was CODE)
  Relative segment, address: F338 - F3C3 (0x8c bytes), align: 1
  Segment part 2.
           ENTRY                   ADDRESS         REF BY
           =====                   =======         ======
           BQ27200_GetAverageCurrent
                                   F338            USB_Task (USB_PC_Com)
               calls direct

    *************************************************************************

  FILE NAME : G:\06  Projekte\41  ES\314108 ESIMA @ BmbF\07 Layout & Konstruktion\07 MSP Software\2016_03_11 EIS\EIS_V1_1\Obj\descriptors.r43
  PROGRAM MODULE, NAME : descriptors

  SEGMENTS IN THE MODULE
  ======================
DATA16_C
  Relative segment, address: 8132 - 8143 (0x12 bytes), align: 0
  Segment part 2.
           ENTRY                   ADDRESS         REF BY
           =====                   =======         ======
           abromDeviceDescriptor   8132            usbGetDeviceDescriptor (usb)
    -------------------------------------------------------------------------
DATA16_C
  Relative segment, address: 8144 - 8186 (0x43 bytes), align: 0
  Segment part 3.
           ENTRY                   ADDRESS         REF BY
           =====                   =======         ======
           abromConfigurationDescriptorGroup
                                   8144            usbGetConfigurationDescriptor (usb)
                                                   usbGetDeviceStatus (usb)
    -------------------------------------------------------------------------
DATA16_C
  Relative segment, address: 8187 - 8204 (0x7e bytes), align: 0
  Segment part 4.
           ENTRY                   ADDRESS         REF BY
           =====                   =======         ======
           abromStringDescriptor   8187            usbGetStringDescriptor (usb)
    -------------------------------------------------------------------------
DATA16_C
  Relative segment, address: 8000 - 800F (0x10 bytes), align: 1
  Segment part 5.
           ENTRY                   ADDRESS         REF BY
           =====                   =======         ======
           stUsbHandle             8000            CdcToBufferFromHost (UsbCdc)
                                                   CdcToHostFromBuffer (UsbCdc)
                                                   USBCDC_bytesInUSBBuffer (UsbCdc)
                                                   USBCDC_intfStatus (UsbCdc)
                                                   USBCDC_receiveData (UsbCdc)
                                                   USBCDC_sendData (UsbCdc)
                                                   USB_reset (usb)
    -------------------------------------------------------------------------
DATA16_C
  Relative segment, address: 8010 - 8119 (0x10a bytes), align: 1
  Segment part 6.
           ENTRY                   ADDRESS         REF BY
           =====                   =======         ======
           tUsbRequestList         8010            usbDecodeAndProcessUsbRequest (usb)

    *************************************************************************

  FILE NAME : G:\06  Projekte\41  ES\314108 ESIMA @ BmbF\07 Layout & Konstruktion\07 MSP Software\2016_03_11 EIS\EIS_V1_1\Obj\dma.r43
  PROGRAM MODULE, NAME : dma

  SEGMENTS IN THE MODULE
  ======================
DATA16_AN
  Relative segment, address: 0500 - 0501 (0x2 bytes), align: 0
  Segment part 1. ROOT        Intra module refs:   USB_initMemcpy
           ENTRY                   ADDRESS         REF BY
           =====                   =======         ======
           _A_DMACTL0_L            0500 
           LOCAL                   ADDRESS         
           =====                   =======         
           DMACTL0                 0500 
           DMACTL0_H               0501 
           DMACTL0_L               0500 
    -------------------------------------------------------------------------
DATA16_AN
  Relative segment, address: 0508 - 0509 (0x2 bytes), align: 0
  Segment part 2. ROOT        Intra module refs:   USB_initMemcpy
           ENTRY                   ADDRESS         REF BY
           =====                   =======         ======
           _A_DMACTL4_L            0508 
           LOCAL                   ADDRESS         
           =====                   =======         
           DMACTL4                 0508 
           DMACTL4_H               0509 
           DMACTL4_L               0508 
    -------------------------------------------------------------------------
DATA16_AN
  Relative segment, address: 0510 - 0511 (0x2 bytes), align: 0
  Segment part 3. ROOT        Intra module refs:   USB_initMemcpy
                                                   memcpyDMA0
           ENTRY                   ADDRESS         REF BY
           =====                   =======         ======
           _A_DMA0CTL_L            0510 
           LOCAL                   ADDRESS         
           =====                   =======         
           DMA0CTL                 0510 
           DMA0CTL_H               0511 
           DMA0CTL_L               0510 
    -------------------------------------------------------------------------
DATA16_AN
  Relative segment, address: 0512 - 0515 (0x4 bytes), align: 0
  Segment part 4. ROOT        Intra module refs:   memcpyDMA0
           ENTRY                   ADDRESS         REF BY
           =====                   =======         ======
           _A_DMA0SA_L             0512 
           LOCAL                   ADDRESS         
           =====                   =======         
           DMA0SA                  0512 
           DMA0SAH                 0514 
           DMA0SAL                 0512 
           DMA0SA_H                0513 
           DMA0SA_L                0512 
    -------------------------------------------------------------------------
DATA16_AN
  Relative segment, address: 0516 - 0519 (0x4 bytes), align: 0
  Segment part 5. ROOT        Intra module refs:   memcpyDMA0
           ENTRY                   ADDRESS         REF BY
           =====                   =======         ======
           _A_DMA0DA_L             0516 
           LOCAL                   ADDRESS         
           =====                   =======         
           DMA0DA                  0516 
           DMA0DAH                 0518 
           DMA0DAL                 0516 
           DMA0DA_H                0517 
           DMA0DA_L                0516 
    -------------------------------------------------------------------------
DATA16_AN
  Relative segment, address: 051A - 051B (0x2 bytes), align: 0
  Segment part 6. ROOT        Intra module refs:   memcpyDMA0
           ENTRY                   ADDRESS         REF BY
           =====                   =======         ======
           DMA0SZ                  051A 
    -------------------------------------------------------------------------
DATA16_AN
  Relative segment, address: 0520 - 0521 (0x2 bytes), align: 0
  Segment part 7. ROOT        Intra module refs:   USB_initMemcpy
           ENTRY                   ADDRESS         REF BY
           =====                   =======         ======
           _A_DMA1CTL_L            0520 
           LOCAL                   ADDRESS         
           =====                   =======         
           DMA1CTL                 0520 
           DMA1CTL_H               0521 
           DMA1CTL_L               0520 
    -------------------------------------------------------------------------
DATA16_AN
  Relative segment, address: 0522 - 0525 (0x4 bytes), align: 0
  Segment part 8. ROOT 
           ENTRY                   ADDRESS         REF BY
           =====                   =======         ======
           _A_DMA1SA_L             0522 
           LOCAL                   ADDRESS         
           =====                   =======         
           DMA1SA                  0522 
           DMA1SAH                 0524 
           DMA1SAL                 0522 
           DMA1SA_H                0523 
           DMA1SA_L                0522 
    -------------------------------------------------------------------------
DATA16_AN
  Relative segment, address: 0526 - 0529 (0x4 bytes), align: 0
  Segment part 9. ROOT 
           ENTRY                   ADDRESS         REF BY
           =====                   =======         ======
           _A_DMA1DA_L             0526 
           LOCAL                   ADDRESS         
           =====                   =======         
           DMA1DA                  0526 
           DMA1DAH                 0528 
           DMA1DAL                 0526 
           DMA1DA_H                0527 
           DMA1DA_L                0526 
    -------------------------------------------------------------------------
DATA16_AN
  Relative segment, address: 052A - 052B (0x2 bytes), align: 0
  Segment part 10. ROOT 
           ENTRY                   ADDRESS         REF BY
           =====                   =======         ======
           DMA1SZ                  052A 
    -------------------------------------------------------------------------
DATA16_AN
  Relative segment, address: 0530 - 0531 (0x2 bytes), align: 0
  Segment part 11. ROOT       Intra module refs:   USB_initMemcpy
           ENTRY                   ADDRESS         REF BY
           =====                   =======         ======
           _A_DMA2CTL_L            0530 
           LOCAL                   ADDRESS         
           =====                   =======         
           DMA2CTL                 0530 
           DMA2CTL_H               0531 
           DMA2CTL_L               0530 
    -------------------------------------------------------------------------
DATA16_AN
  Relative segment, address: 0532 - 0535 (0x4 bytes), align: 0
  Segment part 12. ROOT 
           ENTRY                   ADDRESS         REF BY
           =====                   =======         ======
           _A_DMA2SA_L             0532 
           LOCAL                   ADDRESS         
           =====                   =======         
           DMA2SA                  0532 
           DMA2SAH                 0534 
           DMA2SAL                 0532 
           DMA2SA_H                0533 
           DMA2SA_L                0532 
    -------------------------------------------------------------------------
DATA16_AN
  Relative segment, address: 0536 - 0539 (0x4 bytes), align: 0
  Segment part 13. ROOT 
           ENTRY                   ADDRESS         REF BY
           =====                   =======         ======
           _A_DMA2DA_L             0536 
           LOCAL                   ADDRESS         
           =====                   =======         
           DMA2DA                  0536 
           DMA2DAH                 0538 
           DMA2DAL                 0536 
           DMA2DA_H                0537 
           DMA2DA_L                0536 
    -------------------------------------------------------------------------
DATA16_AN
  Relative segment, address: 053A - 053B (0x2 bytes), align: 0
  Segment part 14. ROOT 
           ENTRY                   ADDRESS         REF BY
           =====                   =======         ======
           DMA2SZ                  053A 
    -------------------------------------------------------------------------
DATA16_Z
  Relative segment, address: 2644 - 2647 (0x4 bytes), align: 1
  Segment part 16.            Intra module refs:   USB_initMemcpy
           ENTRY                   ADDRESS         REF BY
           =====                   =======         ======
           USB_TX_memcpy           2644            CdcToHostFromBuffer (UsbCdc)
    -------------------------------------------------------------------------
DATA16_Z
  Relative segment, address: 2648 - 264B (0x4 bytes), align: 1
  Segment part 17.            Intra module refs:   USB_initMemcpy
           ENTRY                   ADDRESS         REF BY
           =====                   =======         ======
           USB_RX_memcpy           2648            CopyUsbToBuff (UsbCdc)
    -------------------------------------------------------------------------
<CODE> 2 (was CODE)
  Relative segment, address: 00012B12 - 00012B35 (0x24 bytes), align: 1
  Segment part 22.            Intra module refs:   USB_initMemcpy
           ENTRY                   ADDRESS         REF BY
           =====                   =======         ======
           memcpyV                 00012B12 
    -------------------------------------------------------------------------
<CODE> 2 (was CODE)
  Relative segment, address: 000121A2 - 000121D9 (0x38 bytes), align: 1
  Segment part 21.
           ENTRY                   ADDRESS         REF BY
           =====                   =======         ======
           USB_initMemcpy          000121A2        USB_init (usb)
    -------------------------------------------------------------------------
<CODE> 2 (was CODE)
  Relative segment, address: 000128AC - 000128D3 (0x28 bytes), align: 1
  Segment part 20.            Intra module refs:   USB_initMemcpy
           ENTRY                   ADDRESS         REF BY
           =====                   =======         ======
           memcpyDMA0              000128AC 

    *************************************************************************

  FILE NAME : G:\06  Projekte\41  ES\314108 ESIMA @ BmbF\07 Layout & Konstruktion\07 MSP Software\2016_03_11 EIS\EIS_V1_1\Obj\EE893.r43
  PROGRAM MODULE, NAME : EE893

  SEGMENTS IN THE MODULE
  ======================
DATA16_AN
  Relative segment, address: 0282 - 0283 (0x2 bytes), align: 0
  Segment part 1. ROOT        Intra module refs:   DMA_IRQ (Radio_Modul_DMA)
                                                   EE893_End_Read_Data
                                                   EE893_PowerUp
                                                   PortInit (main)
                                                   Radio_DMA_Send_Record (Radio_Modul_DMA)
                                                   Radio_Init (Radio_Modul_DMA)
                                                   Task_Manager (Task_Manager)
           ENTRY                   ADDRESS         REF BY
           =====                   =======         ======
           _A_PEOUT_L              0282 
           LOCAL                   ADDRESS         
           =====                   =======         
           PEOUT                   0282 
           PEOUT_H                 0283 
           PEOUT_L                 0282 
    -------------------------------------------------------------------------
DATA16_AN
  Relative segment, address: 0660 - 0661 (0x2 bytes), align: 0
  Segment part 2. ROOT        Intra module refs:   EE893_I2C_Start_Read_Data
                                                   I2C_B2_Init (I2C_USCI_Modul)
                                                   USCI_B2_ISR
           ENTRY                   ADDRESS         REF BY
           =====                   =======         ======
           _A_UCB2CTLW0_L          0660 
           LOCAL                   ADDRESS         
           =====                   =======         
           UCB2CTLW0               0660 
           UCB2CTLW0_H             0661 
           UCB2CTLW0_L             0660 
    -------------------------------------------------------------------------
DATA16_AN
  Relative segment, address: 066C - 066C (0x1 bytes), align: 0
  Segment part 3. ROOT        Intra module refs:   USCI_B2_ISR
           ENTRY                   ADDRESS         REF BY
           =====                   =======         ======
           UCB2RXBUF               066C 
    -------------------------------------------------------------------------
DATA16_AN
  Relative segment, address: 0672 - 0673 (0x2 bytes), align: 0
  Segment part 4. ROOT        Intra module refs:   EE893_I2C_Start_Read_Data
                                                   I2C_B2_Init (I2C_USCI_Modul)
           ENTRY                   ADDRESS         REF BY
           =====                   =======         ======
           _A_UCB2I2CSA_L          0672 
           LOCAL                   ADDRESS         
           =====                   =======         
           UCB2I2CSA               0672 
           UCB2I2CSA_H             0673 
           UCB2I2CSA_L             0672 
    -------------------------------------------------------------------------
DATA16_AN
  Relative segment, address: 067C - 067D (0x2 bytes), align: 0
  Segment part 5. ROOT        Intra module refs:   EE893_End_Read_Data
                                                   EE893_I2C_Start_Read_Data
           ENTRY                   ADDRESS         REF BY
           =====                   =======         ======
           _A_UCB2ICTL_L           067C 
           LOCAL                   ADDRESS         
           =====                   =======         
           UCB2ICTL                067C 
           UCB2ICTL_H              067D 
           UCB2ICTL_L              067C 
    -------------------------------------------------------------------------
DATA16_AN
  Relative segment, address: 067E - 067F (0x2 bytes), align: 0
  Segment part 6. ROOT        Intra module refs:   USCI_B2_ISR
           ENTRY                   ADDRESS         REF BY
           =====                   =======         ======
           UCB2IV                  067E 
    -------------------------------------------------------------------------
DATA16_Z
  Relative segment, address: 264C - 2655 (0xa bytes), align: 1
  Segment part 9.             Intra module refs:   EE893_End_Read_Data
                                                   EE893_GetData
           ENTRY                   ADDRESS         REF BY
           =====                   =======         ======
           mstEE893                264C 
    -------------------------------------------------------------------------
DATA16_I
  Relative segment, address: 25CA - 25D8 (0xf bytes), align: 0
  Segment part 10.            Intra module refs:   EE893_CheckSum_OK
                                                   EE893_End_Read_Data
                                                   EE893_I2C_Start_Read_Data
                                                   EE893_RecToUInt16
                                                   USCI_B2_ISR
           ENTRY                   ADDRESS         REF BY
           =====                   =======         ======
           mbMeasRecords           25CA 
    -------------------------------------------------------------------------
DATA16_Z
  Relative segment, address: 2732 - 2732 (0x1 bytes), align: 0
  Segment part 12.            Intra module refs:   EE893_End_Read_Data
                                                   EE893_I2C_Start_Read_Data
                                                   EE893_Start_Read_Data
                                                   USCI_B2_ISR
           ENTRY                   ADDRESS         REF BY
           =====                   =======         ======
           mbRowIndex              2732 
    -------------------------------------------------------------------------
DATA16_Z
  Relative segment, address: 2733 - 2733 (0x1 bytes), align: 0
  Segment part 13.            Intra module refs:   EE893_I2C_Start_Read_Data
                                                   USCI_B2_ISR
           ENTRY                   ADDRESS         REF BY
           =====                   =======         ======
           mbColIndex              2733 
    -------------------------------------------------------------------------
DATA16_Z
  Relative segment, address: 2656 - 2657 (0x2 bytes), align: 1
  Segment part 14.            Intra module refs:   EE893_End_Read_Data
                                                   EE893_Start_Read_Data
           ENTRY                   ADDRESS         REF BY
           =====                   =======         ======
           mwErrorCounter          2656 
    -------------------------------------------------------------------------
<CODE> 2 (was CODE)
  Relative segment, address: 00012E38 - 00012E53 (0x1c bytes), align: 1
  Segment part 27.
           ENTRY                   ADDRESS         REF BY
           =====                   =======         ======
           EE893_Init              00012E38        main (main)
               calls direct
    -------------------------------------------------------------------------
<CODE> 2 (was CODE)
  Relative segment, address: 00012E1C - 00012E37 (0x1c bytes), align: 1
  Segment part 26.
           ENTRY                   ADDRESS         REF BY
           =====                   =======         ======
           EE893_SetMessInterval   00012E1C        RF430_TryInterpretCMD (RF430)
                                                   Radio_Interpret_Receive_Data (Radio_Modul_DMA)
                                                   USB_SetParameter (USB_PC_Com)
               calls direct
    -------------------------------------------------------------------------
<CODE> 2 (was CODE)
  Relative segment, address: 00013556 - 0001355B (0x6 bytes), align: 1
  Segment part 25.
           ENTRY                   ADDRESS         REF BY
           =====                   =======         ======
           EE893_GetData           00013556        Task_Send_EE893_Daten (Task_Manager)
    -------------------------------------------------------------------------
<CODE> 2 (was CODE)
  Relative segment, address: 000129C4 - 000129E9 (0x26 bytes), align: 1
  Segment part 24.            Intra module refs:   EE893_End_Read_Data
           ENTRY                   ADDRESS         REF BY
           =====                   =======         ======
           EE893_RecToUInt16       000129C4 
    -------------------------------------------------------------------------
<CODE> 2 (was CODE)
  Relative segment, address: 0001252C - 0001255D (0x32 bytes), align: 1
  Segment part 22.            Intra module refs:   EE893_End_Read_Data
           ENTRY                   ADDRESS         REF BY
           =====                   =======         ======
           EE893_CheckSum_OK       0001252C 
    -------------------------------------------------------------------------
<CODE> 2 (was CODE)
  Relative segment, address: 00011858 - 0001189F (0x48 bytes), align: 1
  Segment part 21.            Intra module refs:   EE893_End_Read_Data
                                                   EE893_Start_Read_Data
           ENTRY                   ADDRESS         REF BY
           =====                   =======         ======
           EE893_I2C_Start_Read_Data
                                   00011858 
    -------------------------------------------------------------------------
ISR_CODE
  Relative segment, address: 8D5C - 8DA3 (0x48 bytes), align: 1
  Segment part 28.            Intra module refs:   USCI_B2_ISR::??INTVEC 70
           ENTRY                   ADDRESS         REF BY
           =====                   =======         ======
           USCI_B2_ISR             8D5C 
               interrupt function
    -------------------------------------------------------------------------
<CODE> 2 (was CODE)
  Relative segment, address: 00013538 - 0001353D (0x6 bytes), align: 1
  Segment part 20.            Intra module refs:   Segment part 16
           ENTRY                   ADDRESS         REF BY
           =====                   =======         ======
           EE893_IDEL              00013538 
    -------------------------------------------------------------------------
<CODE> 2 (was CODE)
  Relative segment, address: 000133EE - 000133F9 (0xc bytes), align: 1
  Segment part 19.            Intra module refs:   Segment part 16
           ENTRY                   ADDRESS         REF BY
           =====                   =======         ======
           EE893_PowerUp           000133EE 
    -------------------------------------------------------------------------
<CODE> 2 (was CODE)
  Relative segment, address: 00013220 - 00013231 (0x12 bytes), align: 1
  Segment part 18.            Intra module refs:   Segment part 16
           ENTRY                   ADDRESS         REF BY
           =====                   =======         ======
           EE893_Start_Read_Data   00013220 
               calls direct
    -------------------------------------------------------------------------
<CODE> 1 (was CODE)
  Relative segment, address: F44E - F4D7 (0x8a bytes), align: 1
  Segment part 17.            Intra module refs:   Segment part 16
           ENTRY                   ADDRESS         REF BY
           =====                   =======         ======
           EE893_End_Read_Data     F44E 
               calls direct
    -------------------------------------------------------------------------
DATA16_I
  Relative segment, address: 2468 - 248F (0x28 bytes), align: 1
  Segment part 15.            Intra module refs:   EE893_Init
                                                   EE893_SetMessInterval
           ENTRY                   ADDRESS         REF BY
           =====                   =======         ======
           gstEE893_Func_Table     2468            Segment part 20 (Task_Manager)
    -------------------------------------------------------------------------
INTVEC
  Common segment, address: FF80 - FFC7 (0x48 bytes), align: 1
  Segment part 7. ROOT 
           ENTRY                   ADDRESS         REF BY
           =====                   =======         ======
           USCI_B2_ISR::??INTVEC 70
                                   FFC6 
    -------------------------------------------------------------------------
DATA16_ID
  Relative segment, address: 8D18 - 8D26 (0xf bytes), align: 0
  Segment part 11.            Intra module refs:   mbMeasRecords
    -------------------------------------------------------------------------
DATA16_ID
  Relative segment, address: 8BB6 - 8BDD (0x28 bytes), align: 1
  Segment part 16.            Intra module refs:   gstEE893_Func_Table

    *************************************************************************

  FILE NAME : G:\06  Projekte\41  ES\314108 ESIMA @ BmbF\07 Layout & Konstruktion\07 MSP Software\2016_03_11 EIS\EIS_V1_1\Obj\HAL_FLASH.r43
  PROGRAM MODULE, NAME : HAL_FLASH

  SEGMENTS IN THE MODULE
  ======================
DATA16_AN
  Relative segment, address: 0140 - 0141 (0x2 bytes), align: 0
  Segment part 1. ROOT        Intra module refs:   Flash_SegmentErase
                                                   Flash_Write
           ENTRY                   ADDRESS         REF BY
           =====                   =======         ======
           _A_FCTL1_L              0140 
           LOCAL                   ADDRESS         
           =====                   =======         
           FCTL1                   0140 
           FCTL1_H                 0141 
           FCTL1_L                 0140 
    -------------------------------------------------------------------------
DATA16_AN
  Relative segment, address: 0144 - 0145 (0x2 bytes), align: 0
  Segment part 2. ROOT        Intra module refs:   Flash_SegmentErase
                                                   Flash_Write
           ENTRY                   ADDRESS         REF BY
           =====                   =======         ======
           _A_FCTL3_L              0144 
           LOCAL                   ADDRESS         
           =====                   =======         
           FCTL3                   0144 
           FCTL3_H                 0145 
           FCTL3_L                 0144 
    -------------------------------------------------------------------------
<CODE> 2 (was CODE)
  Relative segment, address: 000120BE - 000120F7 (0x3a bytes), align: 1
  Segment part 6.
           ENTRY                   ADDRESS         REF BY
           =====                   =======         ======
           Flash_SegmentErase      000120BE        Flow_ClearLookUpTables (2D_Flow)
                                                   StoreFlashData (main)
               monitor function
    -------------------------------------------------------------------------
<CODE> 2 (was CODE)
  Relative segment, address: 000118E8 - 0001192F (0x48 bytes), align: 1
  Segment part 4.
           ENTRY                   ADDRESS         REF BY
           =====                   =======         ======
           Flash_Write             000118E8        FillFlowLookUpIndendity (2D_Flow)
                                                   Flow_LoadLookUpTable (2D_Flow)
                                                   StoreFlashData (main)
               monitor function

    *************************************************************************

  FILE NAME : G:\06  Projekte\41  ES\314108 ESIMA @ BmbF\07 Layout & Konstruktion\07 MSP Software\2016_03_11 EIS\EIS_V1_1\Obj\HAL_PMM.r43
  PROGRAM MODULE, NAME : HAL_PMM

  SEGMENTS IN THE MODULE
  ======================
DATA16_AN
  Relative segment, address: 0120 - 0121 (0x2 bytes), align: 0
  Segment part 1. ROOT        Intra module refs:   SetVCore
                                                   SetVCoreDown
                                                   SetVCoreUp
           ENTRY                   ADDRESS         REF BY
           =====                   =======         ======
           _A_PMMCTL0_L            0120 
           LOCAL                   ADDRESS         
           =====                   =======         
           PMMCTL0                 0120 
           PMMCTL0_H               0121 
           PMMCTL0_L               0120 
    -------------------------------------------------------------------------
DATA16_AN
  Relative segment, address: 0124 - 0125 (0x2 bytes), align: 0
  Segment part 2. ROOT        Intra module refs:   SetVCoreDown
                                                   SetVCoreUp
           ENTRY                   ADDRESS         REF BY
           =====                   =======         ======
           _A_SVSMHCTL_L           0124 
           LOCAL                   ADDRESS         
           =====                   =======         
           SVSMHCTL                0124 
           SVSMHCTL_H              0125 
           SVSMHCTL_L              0124 
    -------------------------------------------------------------------------
DATA16_AN
  Relative segment, address: 0126 - 0127 (0x2 bytes), align: 0
  Segment part 3. ROOT        Intra module refs:   SetVCoreDown
                                                   SetVCoreUp
           ENTRY                   ADDRESS         REF BY
           =====                   =======         ======
           _A_SVSMLCTL_L           0126 
           LOCAL                   ADDRESS         
           =====                   =======         
           SVSMLCTL                0126 
           SVSMLCTL_H              0127 
           SVSMLCTL_L              0126 
    -------------------------------------------------------------------------
DATA16_AN
  Relative segment, address: 012C - 012D (0x2 bytes), align: 0
  Segment part 4. ROOT        Intra module refs:   SetVCoreDown
                                                   SetVCoreUp
           ENTRY                   ADDRESS         REF BY
           =====                   =======         ======
           _A_PMMIFG_L             012C 
           LOCAL                   ADDRESS         
           =====                   =======         
           PMMIFG                  012C 
           PMMIFG_H                012D 
           PMMIFG_L                012C 
    -------------------------------------------------------------------------
DATA16_AN
  Relative segment, address: 012E - 012F (0x2 bytes), align: 0
  Segment part 5. ROOT        Intra module refs:   SetVCoreDown
                                                   SetVCoreUp
           ENTRY                   ADDRESS         REF BY
           =====                   =======         ======
           _A_PMMRIE_L             012E 
           LOCAL                   ADDRESS         
           =====                   =======         
           PMMRIE                  012E 
           PMMRIE_H                012F 
           PMMRIE_L                012E 
    -------------------------------------------------------------------------
<CODE> 1 (was CODE)
  Relative segment, address: E12C - E209 (0xde bytes), align: 1
  Segment part 9.             Intra module refs:   SetVCore
           LOCAL                   ADDRESS         
           =====                   =======         
           SetVCoreUp              E12C 
    -------------------------------------------------------------------------
<CODE> 1 (was CODE)
  Relative segment, address: ED5C - EDFB (0xa0 bytes), align: 1
  Segment part 8.             Intra module refs:   SetVCore
           LOCAL                   ADDRESS         
           =====                   =======         
           SetVCoreDown            ED5C 
    -------------------------------------------------------------------------
<CODE> 2 (was CODE)
  Relative segment, address: 000113D8 - 0001142B (0x54 bytes), align: 1
  Segment part 7.
           ENTRY                   ADDRESS         REF BY
           =====                   =======         ======
           SetVCore                000113D8        UcsUse_DCO (HAL_UCS)
                                                   UcsUse_XTAL2 (HAL_UCS)
               calls direct

    *************************************************************************

  FILE NAME : G:\06  Projekte\41  ES\314108 ESIMA @ BmbF\07 Layout & Konstruktion\07 MSP Software\2016_03_11 EIS\EIS_V1_1\Obj\HAL_TLV.r43
  PROGRAM MODULE, NAME : HAL_TLV

  SEGMENTS IN THE MODULE
  ======================
<CODE> 2 (was CODE)
  Relative segment, address: 000114D0 - 00011521 (0x52 bytes), align: 1
  Segment part 6.
           ENTRY                   ADDRESS         REF BY
           =====                   =======         ======
           Get_TLV_Info            000114D0        USB_InitSerialStringDescriptor (usb)

    *************************************************************************

  FILE NAME : G:\06  Projekte\41  ES\314108 ESIMA @ BmbF\07 Layout & Konstruktion\07 MSP Software\2016_03_11 EIS\EIS_V1_1\Obj\HAL_UCS.r43
  PROGRAM MODULE, NAME : HAL_UCS

  SEGMENTS IN THE MODULE
  ======================
DATA16_AN
  Relative segment, address: 049C - 049D (0x2 bytes), align: 0
  Segment part 1. ROOT        Intra module refs:   UcsUse_XTAL2
                                                   Ucs_Start_XT1
           ENTRY                   ADDRESS         REF BY
           =====                   =======         ======
           _A_BAKCTL_L             049C 
           LOCAL                   ADDRESS         
           =====                   =======         
           BAKCTL                  049C 
           BAKCTL_H                049D 
           BAKCTL_L                049C 
    -------------------------------------------------------------------------
DATA16_AN
  Relative segment, address: 0102 - 0103 (0x2 bytes), align: 0
  Segment part 2. ROOT        Intra module refs:   Init_FLL
                                                   UcsUse_DCO
                                                   UcsUse_XTAL2
                                                   Ucs_Start_XT1
           ENTRY                   ADDRESS         REF BY
[...]
  Relative segment, address: 00011E96 - 00011EA3 (0xe bytes), align: 1
  Segment part 19.            Intra module refs:   _GetfloatFullNoMb
    -------------------------------------------------------------------------
<CODE> 2 (was CODE)
  Relative segment, address: 000133B6 - 000133C3 (0xe bytes), align: 1
  Segment part 20.            Intra module refs:   Segment part 14
    -------------------------------------------------------------------------
<CODE> 2 (was CODE)
  Relative segment, address: 000130A4 - 000130B9 (0x16 bytes), align: 1
  Segment part 21.            Intra module refs:   _GetfloatFullNoMb
    -------------------------------------------------------------------------
DATA16_C
  Relative segment, address: 8AF7 - 8AFD (0x7 bytes), align: 0
  Segment part 2.             Intra module refs:   _ScanfFullNoMb
    -------------------------------------------------------------------------
DATA16_C
  Relative segment, address: 8AFE - 8B02 (0x5 bytes), align: 0
  Segment part 3.             Intra module refs:   _ScanfFullNoMb

    -------------------------------------------------------------------------
  LIBRARY MODULE, NAME : ?xsnprout

  SEGMENTS IN THE MODULE
  ======================
<CODE> 2 (was CODE)
  Relative segment, address: 00012F4C - 00012F65 (0x1a bytes), align: 1
  Segment part 2.
           ENTRY                   ADDRESS         REF BY
           =====                   =======         ======
           _SNProut                00012F4C        snprintf (?snprintf)
                                                   vsnprintf (?vsnprint)

    -------------------------------------------------------------------------
  LIBRARY MODULE, NAME : ?xsscin

  SEGMENTS IN THE MODULE
  ======================
<CODE> 2 (was CODE)
  Relative segment, address: 00012A36 - 00012A5B (0x26 bytes), align: 1
  Segment part 2.
           ENTRY                   ADDRESS         REF BY
           =====                   =======         ======
           _SScin                  00012A36        sscanf (?sscanf)

    -------------------------------------------------------------------------
  LIBRARY MODULE, NAME : ?xstoflt

  SEGMENTS IN THE MODULE
  ======================
<CODE> 1 (was CODE)
  Relative segment, address: B66A - B87B (0x212 bytes), align: 1
  Segment part 2.
           ENTRY                   ADDRESS         REF BY
           =====                   =======         ======
           _Stoflt                 B66A            __iar_Stoldx (?xstold)
               calls direct
    -------------------------------------------------------------------------
<CODE> 2 (was CODE)
  Relative segment, address: 0001345A - 00013463 (0xa bytes), align: 1
  Segment part 3.             Intra module refs:   _Stoflt
    -------------------------------------------------------------------------
<CODE> 2 (was CODE)
  Relative segment, address: 00013496 - 0001349F (0xa bytes), align: 1
  Segment part 4.             Intra module refs:   _Stoflt
    -------------------------------------------------------------------------
<CODE> 2 (was CODE)
  Relative segment, address: 000134D2 - 000134DB (0xa bytes), align: 1
  Segment part 5.             Intra module refs:   _Stoflt
    -------------------------------------------------------------------------
<CODE> 2 (was CODE)
  Relative segment, address: 0001320E - 0001321F (0x12 bytes), align: 1
  Segment part 6.             Intra module refs:   _Stoflt

    -------------------------------------------------------------------------
  LIBRARY MODULE, NAME : ?xstold

  SEGMENTS IN THE MODULE
  ======================
<CODE> 1 (was CODE)
  Relative segment, address: DF54 - E047 (0xf4 bytes), align: 1
  Segment part 2.             Intra module refs:   __iar_Stold
           ENTRY                   ADDRESS         REF BY
           =====                   =======         ======
           __iar_Stoldx            DF54 
               calls direct
    -------------------------------------------------------------------------
<CODE> 2 (was CODE)
  Relative segment, address: 00013504 - 0001350D (0xa bytes), align: 1
  Segment part 3.
           ENTRY                   ADDRESS         REF BY
           =====                   =======         ======
           __iar_Stold             00013504        Segment part 21 (?xscanffull_nomb)
               calls direct

    -------------------------------------------------------------------------
  LIBRARY MODULE, NAME : ?xstoll

  SEGMENTS IN THE MODULE
  ======================
<CODE> 1 (was CODE)
  Relative segment, address: E2E2 - E3B5 (0xd4 bytes), align: 1
  Segment part 2.             Intra module refs:   __iar_Stoll
           ENTRY                   ADDRESS         REF BY
           =====                   =======         ======
           __iar_Stollx            E2E2 
               calls direct
    -------------------------------------------------------------------------
<CODE> 2 (was CODE)
  Relative segment, address: 000135A4 - 000135A9 (0x6 bytes), align: 1
  Segment part 3.
           ENTRY                   ADDRESS         REF BY
           =====                   =======         ======
           __iar_Stoll             000135A4        _GetintFullNoMb (?xscanffull_nomb)
               calls direct

    -------------------------------------------------------------------------
  LIBRARY MODULE, NAME : ?xstopfx

  SEGMENTS IN THE MODULE
  ======================
<CODE> 1 (was CODE)
  Relative segment, address: DC60 - DD61 (0x102 bytes), align: 1
  Segment part 2.
           ENTRY                   ADDRESS         REF BY
           =====                   =======         ======
           _Stopfx                 DC60            __iar_Stoldx (?xstold)

    -------------------------------------------------------------------------
  LIBRARY MODULE, NAME : ?xstoull

  SEGMENTS IN THE MODULE
  ======================
DATA16_C
  Relative segment, address: 8B03 - 8B27 (0x25 bytes), align: 0
  Segment part 2.             Intra module refs:   __iar_Stoullx
    -------------------------------------------------------------------------
DATA16_C
  Relative segment, address: 8B28 - 8B4C (0x25 bytes), align: 0
  Segment part 3.             Intra module refs:   __iar_Stoullx
    -------------------------------------------------------------------------
<CODE> 1 (was CODE)
  Relative segment, address: B226 - B44B (0x226 bytes), align: 1
  Segment part 4.             Intra module refs:   __iar_Stoull
           ENTRY                   ADDRESS         REF BY
           =====                   =======         ======
           __iar_Stoullx           B226            __iar_Stollx (?xstoll)
               calls direct
    -------------------------------------------------------------------------
<CODE> 2 (was CODE)
  Relative segment, address: 0001327A - 00013289 (0x10 bytes), align: 1
  Segment part 5.             Intra module refs:   __iar_Stoullx
    -------------------------------------------------------------------------
<CODE> 2 (was CODE)
  Relative segment, address: 000133A8 - 000133B5 (0xe bytes), align: 1
  Segment part 6.             Intra module refs:   __iar_Stoullx
    -------------------------------------------------------------------------
<CODE> 2 (was CODE)
  Relative segment, address: 000132AA - 000132B9 (0x10 bytes), align: 1
  Segment part 7.             Intra module refs:   __iar_Stoullx
    -------------------------------------------------------------------------
<CODE> 2 (was CODE)
  Relative segment, address: 000135C2 - 000135C7 (0x6 bytes), align: 1
  Segment part 8.
           ENTRY                   ADDRESS         REF BY
           =====                   =======         ======
           __iar_Stoull            000135C2        _GetintFullNoMb (?xscanffull_nomb)
               calls direct




                ****************************************
                *                                      *
                *            MODULE SUMMARY            *
                *                                      *
                ****************************************

Module                CODE      DATA         CONST
------                ----      ----         -----
                     (Rel)  (Rel)  (Abs)  (Rel)  (Abs)
2D_Flow                930    116     24     72  4 096
  + shared               6             2
?Cast32f32i            146
?CopyMemoryBytes        16
?DivMod32s              64
?DivMod32u              48
?DivMod816s             48
?DivMod816u             24
?FLT_EQ                 48
?FLT_Extract            76
?FLT_GE                 86
?FLT_LT                 82
?Mul16to32sHw           28
?Mul32Hw32              36
?Mul32fHw32            278
?Mul64Hw32              88
?ShiftLeft32_8n         36
?ShiftRight32s          30
?ShiftRight32s_8n       36
?ShiftRight32u_8n       32
?__dbg_break             2
?__exit                 20
?_exit                   4
?cstart                 48
?div                    22
?div64i                310
?errno                          2
?exit                    4
?isdigit                14
?isxxx                  28
?memchr                 20
  + shared               4
?memcpy                 18
?memset                 18
?memzero                20
?reset_vector            2
?snprintf               82
?sscanf                 34
?strchr                 14
?strcpy                 16
?strlen                 18
?vsnprint               74
?xdscale               142
?xdtento               398                   24
?xdunscal               70
?xprintffull_nomb    3 860                   25
?xscanffull_nomb     2 600                   12
?xsnprout               26
?xsscin                 38
?xstoflt               578
?xstold                254
?xstoll                218
?xstopfx               258
?xstoull               602                   74
BME280               1 830     90            32
BQ27200                398
EE893                  468     69      2     55
  + shared              72             9
  + common
HAL_FLASH              130             4
HAL_PMM                466            10
HAL_TLV                 82
HAL_UCS                452            20
  + shared                             2
I2C_USCI_Modul       1 602      1     19
  + shared                             6
OLED                 2 076     70           992
  + shared                             6
RF430                3 332    106      2    822
  + shared                             2
Radio_Modul_DMA      1 570     64     28      1
  + shared              16             2
  + common             102
SPI_UCSI_Modul          60            12
Si1132               1 158    102            61
Task_Manager         1 002    109      8    131
  + shared              36             2
  + common             100
USB_PC_Com           4 116      7           673
UnusedInterrupts       216            28
  + common             126
UsbCdc               2 742     34      1
UsbIsr                 578             2
  + common             104
_Add32f                356
_Cast32fto32s           50
_Cast32fto32u           12
_CmpEq32f               12
_CmpGe32f               10
_CmpLt32f               10
_Div32f                304
descriptors                                 493
dma                    132      8     40
low_level_init          10
  + shared                             2
main                   944     64     64    165
  + shared             108            20
  + common
usb                  2 422     69    150     33
  + shared                             8
usbConstructs          216
usbEventHandling       206      1
N/A (command line)          1 024
N/A (alignment)
----------          ------  -----    ---  -----  -----
Total:              38 968  1 936    475  3 665  4 096
  + common             126


                ****************************************
                *                                      *
                *      SEGMENTS IN ADDRESS ORDER       *
                *                                      *
                ****************************************


SEGMENT              SPACE    START ADDRESS   END ADDRESS     SIZE  TYPE  ALIGN
=======              =====    =============   ===========     ====  ====  =====
DATA16_AN                              0100 - 0103               4   rel    0
                                       0120 - 0121               2 
                                       0124 - 0127               4 
                                       012C - 012F               4 
                                       0140 - 0141               2 
                                       0144 - 0145               2 
                                       0150 - 0151               2 
                                       0154 - 0155               2 
                                       015C - 015D               2 
                                       0160 - 0171              12 
                                       019A - 019D               4 
                                       01B0 - 01B1               2 
                                       01C0 - 01C1               2 
                                       01D0 - 01D7               8 
                                       0200 - 020B               C 
                                       0218 - 021D               6 
                                       0220 - 022B               C 
                                       0238 - 023D               6 
                                       0242 - 024B               A 
                                       0260 - 026B               C 
                                       0280 - 028B               C 
                                       0322 - 0329               8 
                                       0340 - 0343               4 
                                       0352 - 0357               6 
                                       0380 - 0383               4 
                                       0390 - 0397               8 
                                       03A0 - 03A1               2 
                                       0400 - 0401               2 
                                       0412 - 0417               6 
                                       049C - 049D               2 
                                       04A0 - 04A1               2 
                                       0500 - 0501               2 
                                       0504 - 0505               2 
                                       0508 - 0509               2 
                                       0510 - 051B               C 
                                       0520 - 052B               C 
                                       0530 - 053B               C 
                                       0550 - 055B               C 
                                       0560 - 056B               C 
                                       05DC - 05DD               2 
                                       05E0 - 05E1               2 
                                       05E6 - 05E7               2 
                                       05EC - 05EC               1 
                                       05EE - 05EE               1 
                                       05F2 - 05F3               2 
                                       05FC - 05FD               2 
                                       0600 - 0601               2 
                                       0606 - 0607               2 
                                       060A - 060A               1 
                                       060C - 060C               1 
                                       060E - 060E               1 
                                       0620 - 0621               2 
                                       0626 - 0627               2 
                                       062C - 062C               1 
                                       062E - 062E               1 
                                       0632 - 0633               2 
                                       063C - 063D               2 
                                       0640 - 0641               2 
                                       0646 - 0647               2 
                                       064A - 064A               1 
                                       064C - 064C               1 
                                       064E - 064E               1 
                                       065C - 065D               2 
                                       0660 - 0661               2 
                                       0666 - 0667               2 
                                       066C - 066C               1 
                                       066E - 066E               1 
                                       0672 - 0673               2 
                                       067C - 067F               4 
                                       0700 - 0703               4 
                                       0710 - 0713               4 
                                       0720 - 0727               8 
                                       0790 - 0795               6 
                                       08CC - 08CD               2 
                                       0900 - 0905               6 
                                       0908 - 0909               2 
                                       0910 - 0915               6 
                                       0920 - 0923               4 
                                       092E - 0930               3 
                                       0932 - 0933               2 
                                       093C - 093F               4 
INFO                                   1800 - 183D              3E   rel    1
DATA16_AN                              2370 - 23BF              50   rel    0
                                       23C8 - 23FF              38 
DATA16_I                               2400 - 25DC             1DD   rel    1
DATA16_Z                               25DE - 276E             191   rel    1
DATA16_N                               276F - 2790              22   rel    0
DATA20_N                                  2792                       rel    1
DATA20_Z                                  2792                       rel    1
DATA20_I                                  2792                       rel    1
CODE_I                                    2792                       rel    1
CSTACK                                 6000 - 63FF             400   rel    1
DATA16_C                               8000 - 8B4C             B4D   rel    1
DATA16_ID                              8B4E - 8D2A             1DD   rel    1
CSTART                                 8D2C - 8D5B              30   rel    1
ISR_CODE                               8D5C - 913D             3E2   rel    1
<CODE> 1                               913E - FF7F            6E42   rel    1
INTVEC                                 FF80 - FFFD              7E   com    1
RESET                                  FFFE - FFFF               2   rel    1
DATA20_AC                          00010000 - 00010FFF        1000   rel    0
<CODE> 2                           00011000 - 000135E1        25E2   rel    1
DATA20_C                           000135E2 - 000136CA          E9   rel    1
CODE_ID                                 000136CC                     rel    1
DATA20_ID                               000136CC                     rel    1

                ****************************************
                *                                      *
                *        END OF CROSS REFERENCE        *
                *                                      *
                ****************************************

 39 094 bytes of CODE  memory
  1 936 bytes of DATA  memory (+   475 absolute )
  3 665 bytes of CONST memory (+ 4 096 absolute )

Errors: none
Warnings: none

