Archive member included to satisfy reference by file (symbol)

d:/programme/embitz/1.11/share/em_armgcc/bin/../lib/gcc/arm-none-eabi/5.4.1/../../../../arm-none-eabi/lib/armv7e-m/fpu\libc.a(lib_a-exit.o)
                              d:/programme/embitz/1.11/share/em_armgcc/bin/../lib/gcc/arm-none-eabi/5.4.1/../../../../arm-none-eabi/lib/armv7e-m/fpu/crt0.o (exit)
d:/programme/embitz/1.11/share/em_armgcc/bin/../lib/gcc/arm-none-eabi/5.4.1/../../../../arm-none-eabi/lib/armv7e-m/fpu\libc.a(lib_a-impure.o)
                              d:/programme/embitz/1.11/share/em_armgcc/bin/../lib/gcc/arm-none-eabi/5.4.1/../../../../arm-none-eabi/lib/armv7e-m/fpu\libc.a(lib_a-exit.o) (_global_impure_ptr)
d:/programme/embitz/1.11/share/em_armgcc/bin/../lib/gcc/arm-none-eabi/5.4.1/../../../../arm-none-eabi/lib/armv7e-m/fpu\libc.a(lib_a-init.o)
                              d:/programme/embitz/1.11/share/em_armgcc/bin/../lib/gcc/arm-none-eabi/5.4.1/../../../../arm-none-eabi/lib/armv7e-m/fpu/crt0.o (__libc_init_array)
d:/programme/embitz/1.11/share/em_armgcc/bin/../lib/gcc/arm-none-eabi/5.4.1/../../../../arm-none-eabi/lib/armv7e-m/fpu\libc.a(lib_a-memset.o)
                              d:/programme/embitz/1.11/share/em_armgcc/bin/../lib/gcc/arm-none-eabi/5.4.1/../../../../arm-none-eabi/lib/armv7e-m/fpu/crt0.o (memset)
d:/programme/embitz/1.11/share/em_armgcc/bin/../lib/gcc/arm-none-eabi/5.4.1/../../../../arm-none-eabi/lib/armv7e-m/fpu\libc.a(lib_a-__call_atexit.o)
                              d:/programme/embitz/1.11/share/em_armgcc/bin/../lib/gcc/arm-none-eabi/5.4.1/../../../../arm-none-eabi/lib/armv7e-m/fpu\libc.a(lib_a-exit.o) (__call_exitprocs)
d:/programme/embitz/1.11/share/em_armgcc/bin/../lib/gcc/arm-none-eabi/5.4.1/../../../../arm-none-eabi/lib/armv7e-m/fpu\libc.a(lib_a-atexit.o)
                              d:/programme/embitz/1.11/share/em_armgcc/bin/../lib/gcc/arm-none-eabi/5.4.1/../../../../arm-none-eabi/lib/armv7e-m/fpu\libc.a(lib_a-__call_atexit.o) (atexit)
d:/programme/embitz/1.11/share/em_armgcc/bin/../lib/gcc/arm-none-eabi/5.4.1/../../../../arm-none-eabi/lib/armv7e-m/fpu\libc.a(lib_a-fini.o)
                              d:/programme/embitz/1.11/share/em_armgcc/bin/../lib/gcc/arm-none-eabi/5.4.1/../../../../arm-none-eabi/lib/armv7e-m/fpu\libc.a(lib_a-__call_atexit.o) (__libc_fini_array)
d:/programme/embitz/1.11/share/em_armgcc/bin/../lib/gcc/arm-none-eabi/5.4.1/../../../../arm-none-eabi/lib/armv7e-m/fpu\libc.a(lib_a-__atexit.o)
                              d:/programme/embitz/1.11/share/em_armgcc/bin/../lib/gcc/arm-none-eabi/5.4.1/../../../../arm-none-eabi/lib/armv7e-m/fpu\libc.a(lib_a-atexit.o) (__register_exitproc)
d:/programme/embitz/1.11/share/em_armgcc/bin/../lib/gcc/arm-none-eabi/5.4.1/../../../../arm-none-eabi/lib/armv7e-m/fpu\libm_s.a(lib_a-w_sqrt.o)
                              obj\debug\src\gp22.o (sqrt)
d:/programme/embitz/1.11/share/em_armgcc/bin/../lib/gcc/arm-none-eabi/5.4.1/../../../../arm-none-eabi/lib/armv7e-m/fpu\libm_s.a(lib_a-e_sqrt.o)
                              d:/programme/embitz/1.11/share/em_armgcc/bin/../lib/gcc/arm-none-eabi/5.4.1/../../../../arm-none-eabi/lib/armv7e-m/fpu\libm_s.a(lib_a-w_sqrt.o) (__ieee754_sqrt)
d:/programme/embitz/1.11/share/em_armgcc/bin/../lib/gcc/arm-none-eabi/5.4.1/../../../../arm-none-eabi/lib/armv7e-m/fpu\libm_s.a(lib_a-s_lib_ver.o)
                              d:/programme/embitz/1.11/share/em_armgcc/bin/../lib/gcc/arm-none-eabi/5.4.1/../../../../arm-none-eabi/lib/armv7e-m/fpu\libm_s.a(lib_a-w_sqrt.o) (__fdlib_version)
d:/programme/embitz/1.11/share/em_armgcc/bin/../lib/gcc/arm-none-eabi/5.4.1/../../../../arm-none-eabi/lib/armv7e-m/fpu\libm_s.a(lib_a-s_matherr.o)
                              d:/programme/embitz/1.11/share/em_armgcc/bin/../lib/gcc/arm-none-eabi/5.4.1/../../../../arm-none-eabi/lib/armv7e-m/fpu\libm_s.a(lib_a-w_sqrt.o) (matherr)
d:/programme/embitz/1.11/share/em_armgcc/bin/../lib/gcc/arm-none-eabi/5.4.1/armv7e-m/fpu\libgcc.a(_arm_addsubdf3.o)
                              obj\debug\src\gp22.o (__aeabi_dsub)
d:/programme/embitz/1.11/share/em_armgcc/bin/../lib/gcc/arm-none-eabi/5.4.1/armv7e-m/fpu\libgcc.a(_arm_muldivdf3.o)
                              obj\debug\src\gp22.o (__aeabi_dmul)
d:/programme/embitz/1.11/share/em_armgcc/bin/../lib/gcc/arm-none-eabi/5.4.1/armv7e-m/fpu\libgcc.a(_arm_cmpdf2.o)
                              d:/programme/embitz/1.11/share/em_armgcc/bin/../lib/gcc/arm-none-eabi/5.4.1/../../../../arm-none-eabi/lib/armv7e-m/fpu\libm_s.a(lib_a-w_sqrt.o) (__aeabi_dcmplt)
d:/programme/embitz/1.11/share/em_armgcc/bin/../lib/gcc/arm-none-eabi/5.4.1/armv7e-m/fpu\libgcc.a(_arm_unorddf2.o)
                              d:/programme/embitz/1.11/share/em_armgcc/bin/../lib/gcc/arm-none-eabi/5.4.1/../../../../arm-none-eabi/lib/armv7e-m/fpu\libm_s.a(lib_a-w_sqrt.o) (__aeabi_dcmpun)
d:/programme/embitz/1.11/share/em_armgcc/bin/../lib/gcc/arm-none-eabi/5.4.1/armv7e-m/fpu\libgcc.a(_arm_truncdfsf2.o)
[...]
Memory Configuration

Name             Origin             Length             Attributes
RAM              0x20000000         0x00020000         xrw
CCMRAM           0x10000000         0x00010000         rw
FLASH            0x08000000         0x00100000         xr
*default*        0x00000000         0xffffffff

Linker script and memory map

LOAD d:/programme/embitz/1.11/share/em_armgcc/bin/../lib/gcc/arm-none-eabi/5.4.1/armv7e-m/fpu/crti.o
LOAD d:/programme/embitz/1.11/share/em_armgcc/bin/../lib/gcc/arm-none-eabi/5.4.1/armv7e-m/fpu/crtbegin.o
LOAD d:/programme/embitz/1.11/share/em_armgcc/bin/../lib/gcc/arm-none-eabi/5.4.1/../../../../arm-none-eabi/lib/armv7e-m/fpu/crt0.o
                0x00000800                __HEAP_SIZE = 0x800
                0x00000800                __STACK_SIZE = 0x800
                0x20020000                _estack = 0x20020000
                0x00000400                _Min_Heap_Size = 0x400
                0x00000800                _Min_Stack_Size = 0x800

.isr_vector     0x08000000      0x188
                0x08000000                . = ALIGN (0x4)
 *(.isr_vector)
 .isr_vector    0x08000000      0x188 obj\debug\startup\startup_stm32f405xx.o
                0x08000000                g_pfnVectors
                0x08000188                . = ALIGN (0x4)

.text           0x08000190     0xc788
                0x08000190                . = ALIGN (0x4)
 *(.text)
 .text          0x08000190       0x5c d:/programme/embitz/1.11/share/em_armgcc/bin/../lib/gcc/arm-none-eabi/5.4.1/armv7e-m/fpu/crtbegin.o
 .text          0x080001ec      0x370 d:/programme/embitz/1.11/share/em_armgcc/bin/../lib/gcc/arm-none-eabi/5.4.1/armv7e-m/fpu\libgcc.a(_arm_addsubdf3.o)
                0x080001ec                __aeabi_drsub
                0x080001f4                __aeabi_dsub
                0x080001f4                __subdf3
                0x080001f8                __aeabi_dadd
                0x080001f8                __adddf3
                0x08000470                __floatunsidf
                0x08000470                __aeabi_ui2d
                0x08000490                __floatsidf
                0x08000490                __aeabi_i2d
                0x080004b4                __aeabi_f2d
                0x080004b4                __extendsfdf2
                0x080004f0                __floatundidf
                0x080004f0                __aeabi_ul2d
                0x08000500                __floatdidf
                0x08000500                __aeabi_l2d
 .text          0x0800055c      0x424 d:/programme/embitz/1.11/share/em_armgcc/bin/../lib/gcc/arm-none-eabi/5.4.1/armv7e-m/fpu\libgcc.a(_arm_muldivdf3.o)
                0x0800055c                __aeabi_dmul
                0x0800055c                __muldf3
                0x080007b0                __divdf3
                0x080007b0                __aeabi_ddiv
 .text          0x08000980      0x110 d:/programme/embitz/1.11/share/em_armgcc/bin/../lib/gcc/arm-none-eabi/5.4.1/armv7e-m/fpu\libgcc.a(_arm_cmpdf2.o)
                0x08000980                __gtdf2
                0x08000980                __gedf2
                0x08000988                __ltdf2
                0x08000988                __ledf2
                0x08000990                __nedf2
                0x08000990                __eqdf2
                0x08000990                __cmpdf2
                0x08000a0c                __aeabi_cdrcmple
                0x08000a1c                __aeabi_cdcmpeq
                0x08000a1c                __aeabi_cdcmple
                0x08000a2c                __aeabi_dcmpeq
                0x08000a40                __aeabi_dcmplt
                0x08000a54                __aeabi_dcmple
                0x08000a68                __aeabi_dcmpge
                0x08000a7c                __aeabi_dcmpgt
 .text          0x08000a90       0x2c d:/programme/embitz/1.11/share/em_armgcc/bin/../lib/gcc/arm-none-eabi/5.4.1/armv7e-m/fpu\libgcc.a(_arm_unorddf2.o)
                0x08000a90                __unorddf2
                0x08000a90                __aeabi_dcmpun
 .text          0x08000abc       0xa0 d:/programme/embitz/1.11/share/em_armgcc/bin/../lib/gcc/arm-none-eabi/5.4.1/armv7e-m/fpu\libgcc.a(_arm_truncdfsf2.o)
                0x08000abc                __truncdfsf2
                0x08000abc                __aeabi_d2f
 .text          0x08000b5c      0x21c d:/programme/embitz/1.11/share/em_armgcc/bin/../lib/gcc/arm-none-eabi/5.4.1/armv7e-m/fpu\libgcc.a(_arm_addsubsf3.o)
                0x08000b5c                __aeabi_frsub
                0x08000b64                __subsf3
                0x08000b64                __aeabi_fsub
                0x08000b68                __aeabi_fadd
                0x08000b68                __addsf3
                0x08000cc8                __aeabi_ui2f
                0x08000cc8                __floatunsisf
                0x08000cd0                __aeabi_i2f
                0x08000cd0                __floatsisf
                0x08000cec                __aeabi_ul2f
                0x08000cec                __floatundisf
                0x08000cfc                __aeabi_l2f
                0x08000cfc                __floatdisf
 .text          0x08000d78       0x30 d:/programme/embitz/1.11/share/em_armgcc/bin/../lib/gcc/arm-none-eabi/5.4.1/armv7e-m/fpu\libgcc.a(_aeabi_uldivmod.o)
                0x08000d78                __aeabi_uldivmod
 .text          0x08000da8      0x2e4 d:/programme/embitz/1.11/share/em_armgcc/bin/../lib/gcc/arm-none-eabi/5.4.1/armv7e-m/fpu\libgcc.a(_udivmoddi4.o)
                0x08000da8                __udivmoddi4
 .text          0x0800108c        0x4 d:/programme/embitz/1.11/share/em_armgcc/bin/../lib/gcc/arm-none-eabi/5.4.1/armv7e-m/fpu\libgcc.a(_dvmd_tls.o)
                0x0800108c                __aeabi_idiv0
                0x0800108c                __aeabi_ldiv0
 .text          0x08001090       0x14 d:/programme/embitz/1.11/share/em_armgcc/bin/../lib/gcc/arm-none-eabi/5.4.1/../../../../arm-none-eabi/lib/armv7e-m/fpu\libg_s.a(lib_a-strcmp.o)
                0x08001090                strcmp
 .text          0x080010a4       0x10 d:/programme/embitz/1.11/share/em_armgcc/bin/../lib/gcc/arm-none-eabi/5.4.1/../../../../arm-none-eabi/lib/armv7e-m/fpu\libg_s.a(lib_a-strlen.o)
                0x080010a4                strlen
 *fill*         0x080010b4        0xc 
 .text          0x080010c0       0xa0 d:/programme/embitz/1.11/share/em_armgcc/bin/../lib/gcc/arm-none-eabi/5.4.1/../../../../arm-none-eabi/lib/armv7e-m/fpu\libg_s.a(lib_a-memchr.o)
                0x080010c0                memchr
 .text          0x08001160       0x50 d:/programme/embitz/1.11/share/em_armgcc/bin/../lib/gcc/arm-none-eabi/5.4.1/armv7e-m/fpu\libgcc.a(_arm_fixdfsi.o)
                0x08001160                __aeabi_d2iz
                0x08001160                __fixdfsi
 *(.text*)
 .text.__libc_init_array
                0x080011b0       0x50 d:/programme/embitz/1.11/share/em_armgcc/bin/../lib/gcc/arm-none-eabi/5.4.1/../../../../arm-none-eabi/lib/armv7e-m/fpu\libc.a(lib_a-init.o)
                0x080011b0                __libc_init_array
 .text.memset   0x08001200       0x9c d:/programme/embitz/1.11/share/em_armgcc/bin/../lib/gcc/arm-none-eabi/5.4.1/../../../../arm-none-eabi/lib/armv7e-m/fpu\libc.a(lib_a-memset.o)
                0x08001200                memset
 .text.startup.register_fini
                0x0800129c       0x14 d:/programme/embitz/1.11/share/em_armgcc/bin/../lib/gcc/arm-none-eabi/5.4.1/../../../../arm-none-eabi/lib/armv7e-m/fpu\libc.a(lib_a-__call_atexit.o)
 .text.atexit   0x080012b0        0xc d:/programme/embitz/1.11/share/em_armgcc/bin/../lib/gcc/arm-none-eabi/5.4.1/../../../../arm-none-eabi/lib/armv7e-m/fpu\libc.a(lib_a-atexit.o)
                0x080012b0                atexit
 .text.__libc_fini_array
                0x080012bc       0x28 d:/programme/embitz/1.11/share/em_armgcc/bin/../lib/gcc/arm-none-eabi/5.4.1/../../../../arm-none-eabi/lib/armv7e-m/fpu\libc.a(lib_a-fini.o)
                0x080012bc                __libc_fini_array
 .text.__register_exitproc
                0x080012e4       0xa4 d:/programme/embitz/1.11/share/em_armgcc/bin/../lib/gcc/arm-none-eabi/5.4.1/../../../../arm-none-eabi/lib/armv7e-m/fpu\libc.a(lib_a-__atexit.o)
                0x080012e4                __register_exitproc
 .text.HAL_Init
                0x08001388       0x44 obj\debug\drivers\stm32f4xx_hal_driver\src\stm32f4xx_hal.o
                0x08001388                HAL_Init
 .text.HAL_InitTick
                0x080013cc       0x38 obj\debug\drivers\stm32f4xx_hal_driver\src\stm32f4xx_hal.o
                0x080013cc                HAL_InitTick
 .text.HAL_IncTick
                0x08001404       0x1c obj\debug\drivers\stm32f4xx_hal_driver\src\stm32f4xx_hal.o
                0x08001404                HAL_IncTick
 .text.HAL_GetTick
                0x08001420       0x18 obj\debug\drivers\stm32f4xx_hal_driver\src\stm32f4xx_hal.o
                0x08001420                HAL_GetTick
 .text.HAL_Delay
                0x08001438       0x3c obj\debug\drivers\stm32f4xx_hal_driver\src\stm32f4xx_hal.o
                0x08001438                HAL_Delay
 .text.NVIC_SetPriorityGrouping
                0x08001474       0x48 obj\debug\drivers\stm32f4xx_hal_driver\src\stm32f4xx_hal_cortex.o
 .text.NVIC_GetPriorityGrouping
                0x080014bc       0x1c obj\debug\drivers\stm32f4xx_hal_driver\src\stm32f4xx_hal_cortex.o
 .text.NVIC_EnableIRQ
                0x080014d8       0x34 obj\debug\drivers\stm32f4xx_hal_driver\src\stm32f4xx_hal_cortex.o
 .text.NVIC_SetPriority
                0x0800150c       0x54 obj\debug\drivers\stm32f4xx_hal_driver\src\stm32f4xx_hal_cortex.o
 .text.NVIC_EncodePriority
                0x08001560       0x64 obj\debug\drivers\stm32f4xx_hal_driver\src\stm32f4xx_hal_cortex.o
 .text.SysTick_Config
                0x080015c4       0x44 obj\debug\drivers\stm32f4xx_hal_driver\src\stm32f4xx_hal_cortex.o
 .text.HAL_NVIC_SetPriorityGrouping
                0x08001608       0x18 obj\debug\drivers\stm32f4xx_hal_driver\src\stm32f4xx_hal_cortex.o
                0x08001608                HAL_NVIC_SetPriorityGrouping
 .text.HAL_NVIC_SetPriority
                0x08001620       0x38 obj\debug\drivers\stm32f4xx_hal_driver\src\stm32f4xx_hal_cortex.o
                0x08001620                HAL_NVIC_SetPriority
 .text.HAL_NVIC_EnableIRQ
                0x08001658       0x1c obj\debug\drivers\stm32f4xx_hal_driver\src\stm32f4xx_hal_cortex.o
                0x08001658                HAL_NVIC_EnableIRQ
 .text.HAL_SYSTICK_Config
                0x08001674       0x18 obj\debug\drivers\stm32f4xx_hal_driver\src\stm32f4xx_hal_cortex.o
                0x08001674                HAL_SYSTICK_Config
 .text.HAL_SYSTICK_CLKSourceConfig
                0x0800168c       0x38 obj\debug\drivers\stm32f4xx_hal_driver\src\stm32f4xx_hal_cortex.o
                0x0800168c                HAL_SYSTICK_CLKSourceConfig
 .text.HAL_SYSTICK_IRQHandler
                0x080016c4        0xc obj\debug\drivers\stm32f4xx_hal_driver\src\stm32f4xx_hal_cortex.o
                0x080016c4                HAL_SYSTICK_IRQHandler
 .text.HAL_SYSTICK_Callback
                0x080016d0       0x10 obj\debug\drivers\stm32f4xx_hal_driver\src\stm32f4xx_hal_cortex.o
                0x080016d0                HAL_SYSTICK_Callback
 .text.HAL_GPIO_Init
                0x080016e0      0x334 obj\debug\drivers\stm32f4xx_hal_driver\src\stm32f4xx_hal_gpio.o
                0x080016e0                HAL_GPIO_Init
 .text.HAL_GPIO_DeInit
                0x08001a14      0x1f8 obj\debug\drivers\stm32f4xx_hal_driver\src\stm32f4xx_hal_gpio.o
                0x08001a14                HAL_GPIO_DeInit
 .text.HAL_GPIO_ReadPin
                0x08001c0c       0x30 obj\debug\drivers\stm32f4xx_hal_driver\src\stm32f4xx_hal_gpio.o
                0x08001c0c                HAL_GPIO_ReadPin
 .text.HAL_GPIO_WritePin
                0x08001c3c       0x34 obj\debug\drivers\stm32f4xx_hal_driver\src\stm32f4xx_hal_gpio.o
                0x08001c3c                HAL_GPIO_WritePin
 .text.HAL_PCD_Init
                0x08001c70      0x210 obj\debug\drivers\stm32f4xx_hal_driver\src\stm32f4xx_hal_pcd.o
                0x08001c70                HAL_PCD_Init
 .text.HAL_PCD_Start
                0x08001e80       0x44 obj\debug\drivers\stm32f4xx_hal_driver\src\stm32f4xx_hal_pcd.o
                0x08001e80                HAL_PCD_Start
 .text.HAL_PCD_IRQHandler
                0x08001ec4      0x8fc obj\debug\drivers\stm32f4xx_hal_driver\src\stm32f4xx_hal_pcd.o
                0x08001ec4                HAL_PCD_IRQHandler
 .text.HAL_PCD_SetAddress
                0x080027c0       0x44 obj\debug\drivers\stm32f4xx_hal_driver\src\stm32f4xx_hal_pcd.o
                0x080027c0                HAL_PCD_SetAddress
 .text.HAL_PCD_EP_Open
                0x08002804       0xd0 obj\debug\drivers\stm32f4xx_hal_driver\src\stm32f4xx_hal_pcd.o
                0x08002804                HAL_PCD_EP_Open
 .text.HAL_PCD_EP_Close
                0x080028d4       0x94 obj\debug\drivers\stm32f4xx_hal_driver\src\stm32f4xx_hal_pcd.o
                0x080028d4                HAL_PCD_EP_Close
 .text.HAL_PCD_EP_Receive
                0x08002968       0x94 obj\debug\drivers\stm32f4xx_hal_driver\src\stm32f4xx_hal_pcd.o
                0x08002968                HAL_PCD_EP_Receive
 .text.HAL_PCD_EP_GetRxCount
                0x080029fc       0x34 obj\debug\drivers\stm32f4xx_hal_driver\src\stm32f4xx_hal_pcd.o
                0x080029fc                HAL_PCD_EP_GetRxCount
 .text.HAL_PCD_EP_Transmit
                0x08002a30       0x94 obj\debug\drivers\stm32f4xx_hal_driver\src\stm32f4xx_hal_pcd.o
                0x08002a30                HAL_PCD_EP_Transmit
 .text.HAL_PCD_EP_SetStall
                0x08002ac4       0xb8 obj\debug\drivers\stm32f4xx_hal_driver\src\stm32f4xx_hal_pcd.o
                0x08002ac4                HAL_PCD_EP_SetStall
 .text.HAL_PCD_EP_ClrStall
                0x08002b7c       0x98 obj\debug\drivers\stm32f4xx_hal_driver\src\stm32f4xx_hal_pcd.o
                0x08002b7c                HAL_PCD_EP_ClrStall
 .text.PCD_WriteEmptyTxFifo
                0x08002c14      0x104 obj\debug\drivers\stm32f4xx_hal_driver\src\stm32f4xx_hal_pcd.o
 .text.HAL_PCDEx_SetTxFiFo
                0x08002d18       0x98 obj\debug\drivers\stm32f4xx_hal_driver\src\stm32f4xx_hal_pcd_ex.o
                0x08002d18                HAL_PCDEx_SetTxFiFo
 .text.HAL_PCDEx_SetRxFiFo
                0x08002db0       0x24 obj\debug\drivers\stm32f4xx_hal_driver\src\stm32f4xx_hal_pcd_ex.o
                0x08002db0                HAL_PCDEx_SetRxFiFo
 .text.HAL_RCC_OscConfig
                0x08002dd4      0x4b4 obj\debug\drivers\stm32f4xx_hal_driver\src\stm32f4xx_hal_rcc.o
                0x08002dd4                HAL_RCC_OscConfig
 .text.HAL_RCC_ClockConfig
                0x08003288      0x224 obj\debug\drivers\stm32f4xx_hal_driver\src\stm32f4xx_hal_rcc.o
                0x08003288                HAL_RCC_ClockConfig
 .text.HAL_RCC_GetSysClockFreq
                0x080034ac       0xfc obj\debug\drivers\stm32f4xx_hal_driver\src\stm32f4xx_hal_rcc.o
                0x080034ac                HAL_RCC_GetSysClockFreq
 .text.HAL_RCC_GetHCLKFreq
                0x080035a8       0x18 obj\debug\drivers\stm32f4xx_hal_driver\src\stm32f4xx_hal_rcc.o
                0x080035a8                HAL_RCC_GetHCLKFreq
 .text.HAL_SPI_Init
                0x080035c0       0xc8 obj\debug\drivers\stm32f4xx_hal_driver\src\stm32f4xx_hal_spi.o
                0x080035c0                HAL_SPI_Init
 .text.HAL_SPI_DeInit
                0x08003688       0x50 obj\debug\drivers\stm32f4xx_hal_driver\src\stm32f4xx_hal_spi.o
                0x08003688                HAL_SPI_DeInit
 .text.HAL_SPI_Transmit
                0x080036d8      0x278 obj\debug\drivers\stm32f4xx_hal_driver\src\stm32f4xx_hal_spi.o
                0x080036d8                HAL_SPI_Transmit
 .text.HAL_SPI_TransmitReceive
                0x08003950      0x340 obj\debug\drivers\stm32f4xx_hal_driver\src\stm32f4xx_hal_spi.o
                0x08003950                HAL_SPI_TransmitReceive
 .text.HAL_SPI_GetState
                0x08003c90       0x1c obj\debug\drivers\stm32f4xx_hal_driver\src\stm32f4xx_hal_spi.o
                0x08003c90                HAL_SPI_GetState
 .text.SPI_WaitFlagStateUntilTimeout
                0x08003cac       0xd4 obj\debug\drivers\stm32f4xx_hal_driver\src\stm32f4xx_hal_spi.o
 .text.SPI_CheckFlag_BSY
                0x08003d80       0x3c obj\debug\drivers\stm32f4xx_hal_driver\src\stm32f4xx_hal_spi.o
 .text.HAL_TIM_Base_Init
                0x08003dbc       0x58 obj\debug\drivers\stm32f4xx_hal_driver\src\stm32f4xx_hal_tim.o
                0x08003dbc                HAL_TIM_Base_Init
 .text.HAL_TIM_Base_Start
                0x08003e14       0x38 obj\debug\drivers\stm32f4xx_hal_driver\src\stm32f4xx_hal_tim.o
                0x08003e14                HAL_TIM_Base_Start
 .text.HAL_TIM_ConfigClockSource
                0x08003e4c      0x1b8 obj\debug\drivers\stm32f4xx_hal_driver\src\stm32f4xx_hal_tim.o
                0x08003e4c                HAL_TIM_ConfigClockSource
 .text.TIM_Base_SetConfig
                0x08004004      0x154 obj\debug\drivers\stm32f4xx_hal_driver\src\stm32f4xx_hal_tim.o
                0x08004004                TIM_Base_SetConfig
 .text.TIM_TI1_ConfigInputStage
                0x08004158       0x68 obj\debug\drivers\stm32f4xx_hal_driver\src\stm32f4xx_hal_tim.o
 .text.TIM_TI2_ConfigInputStage
                0x080041c0       0x68 obj\debug\drivers\stm32f4xx_hal_driver\src\stm32f4xx_hal_tim.o
 .text.TIM_ITRx_SetConfig
                0x08004228       0x40 obj\debug\drivers\stm32f4xx_hal_driver\src\stm32f4xx_hal_tim.o
 .text.TIM_ETR_SetConfig
                0x08004268       0x44 obj\debug\drivers\stm32f4xx_hal_driver\src\stm32f4xx_hal_tim.o
 .text.USB_CoreInit
                0x080042ac       0xa4 obj\debug\drivers\stm32f4xx_hal_driver\src\stm32f4xx_ll_usb.o
                0x080042ac                USB_CoreInit
 .text.USB_EnableGlobalInt
                0x08004350       0x24 obj\debug\drivers\stm32f4xx_hal_driver\src\stm32f4xx_ll_usb.o
                0x08004350                USB_EnableGlobalInt
 .text.USB_DisableGlobalInt
                0x08004374       0x24 obj\debug\drivers\stm32f4xx_hal_driver\src\stm32f4xx_ll_usb.o
                0x08004374                USB_DisableGlobalInt
 .text.USB_SetCurrentMode
                0x08004398       0x50 obj\debug\drivers\stm32f4xx_hal_driver\src\stm32f4xx_ll_usb.o
                0x08004398                USB_SetCurrentMode
 .text.USB_DevInit
                0x080043e8      0x258 obj\debug\drivers\stm32f4xx_hal_driver\src\stm32f4xx_ll_usb.o
                0x080043e8                USB_DevInit
 .text.USB_FlushTxFifo
                0x08004640       0x4c obj\debug\drivers\stm32f4xx_hal_driver\src\stm32f4xx_ll_usb.o
                0x08004640                USB_FlushTxFifo
 .text.USB_FlushRxFifo
                0x0800468c       0x44 obj\debug\drivers\stm32f4xx_hal_driver\src\stm32f4xx_ll_usb.o
                0x0800468c                USB_FlushRxFifo
 .text.USB_SetDevSpeed
                0x080046d0       0x30 obj\debug\drivers\stm32f4xx_hal_driver\src\stm32f4xx_ll_usb.o
                0x080046d0                USB_SetDevSpeed
 .text.USB_GetDevSpeed
                0x08004700       0x6c obj\debug\drivers\stm32f4xx_hal_driver\src\stm32f4xx_ll_usb.o
                0x08004700                USB_GetDevSpeed
 .text.USB_ActivateEndpoint
                0x0800476c      0x114 obj\debug\drivers\stm32f4xx_hal_driver\src\stm32f4xx_ll_usb.o
                0x0800476c                USB_ActivateEndpoint
 .text.USB_DeactivateEndpoint
                0x08004880      0x180 obj\debug\drivers\stm32f4xx_hal_driver\src\stm32f4xx_ll_usb.o
                0x08004880                USB_DeactivateEndpoint
 .text.USB_EPStartXfer
                0x08004a00      0x484 obj\debug\drivers\stm32f4xx_hal_driver\src\stm32f4xx_ll_usb.o
                0x08004a00                USB_EPStartXfer
 .text.USB_EP0StartXfer
                0x08004e84      0x2c0 obj\debug\drivers\stm32f4xx_hal_driver\src\stm32f4xx_ll_usb.o
                0x08004e84                USB_EP0StartXfer
 .text.USB_WritePacket
                0x08005144       0x6c obj\debug\drivers\stm32f4xx_hal_driver\src\stm32f4xx_ll_usb.o
                0x08005144                USB_WritePacket
 .text.USB_ReadPacket
                0x080051b0       0x50 obj\debug\drivers\stm32f4xx_hal_driver\src\stm32f4xx_ll_usb.o
                0x080051b0                USB_ReadPacket
 .text.USB_EPSetStall
                0x08005200       0xe4 obj\debug\drivers\stm32f4xx_hal_driver\src\stm32f4xx_ll_usb.o
                0x08005200                USB_EPSetStall
 .text.USB_EPClearStall
                0x080052e4       0xdc obj\debug\drivers\stm32f4xx_hal_driver\src\stm32f4xx_ll_usb.o
                0x080052e4                USB_EPClearStall
 .text.USB_SetDevAddress
                0x080053c0       0x4c obj\debug\drivers\stm32f4xx_hal_driver\src\stm32f4xx_ll_usb.o
                0x080053c0                USB_SetDevAddress
 .text.USB_DevConnect
                0x0800540c       0x30 obj\debug\drivers\stm32f4xx_hal_driver\src\stm32f4xx_ll_usb.o
                0x0800540c                USB_DevConnect
 .text.USB_DevDisconnect
                0x0800543c       0x30 obj\debug\drivers\stm32f4xx_hal_driver\src\stm32f4xx_ll_usb.o
                0x0800543c                USB_DevDisconnect
 .text.USB_ReadInterrupts
                0x0800546c       0x2c obj\debug\drivers\stm32f4xx_hal_driver\src\stm32f4xx_ll_usb.o
                0x0800546c                USB_ReadInterrupts
 .text.USB_ReadDevAllOutEpInterrupt
                0x08005498       0x30 obj\debug\drivers\stm32f4xx_hal_driver\src\stm32f4xx_ll_usb.o
                0x08005498                USB_ReadDevAllOutEpInterrupt
 .text.USB_ReadDevAllInEpInterrupt
                0x080054c8       0x30 obj\debug\drivers\stm32f4xx_hal_driver\src\stm32f4xx_ll_usb.o
                0x080054c8                USB_ReadDevAllInEpInterrupt
 .text.USB_ReadDevOutEPInterrupt
                0x080054f8       0x38 obj\debug\drivers\stm32f4xx_hal_driver\src\stm32f4xx_ll_usb.o
                0x080054f8                USB_ReadDevOutEPInterrupt
 .text.USB_ReadDevInEPInterrupt
                0x08005530       0x54 obj\debug\drivers\stm32f4xx_hal_driver\src\stm32f4xx_ll_usb.o
                0x08005530                USB_ReadDevInEPInterrupt
 .text.USB_GetMode
                0x08005584       0x1c obj\debug\drivers\stm32f4xx_hal_driver\src\stm32f4xx_ll_usb.o
                0x08005584                USB_GetMode
 .text.USB_ActivateSetup
                0x080055a0       0x6c obj\debug\drivers\stm32f4xx_hal_driver\src\stm32f4xx_ll_usb.o
                0x080055a0                USB_ActivateSetup
 .text.USB_EP0_OutStart
                0x0800560c       0x8c obj\debug\drivers\stm32f4xx_hal_driver\src\stm32f4xx_ll_usb.o
                0x0800560c                USB_EP0_OutStart
 .text.USB_CoreReset
                0x08005698       0x68 obj\debug\drivers\stm32f4xx_hal_driver\src\stm32f4xx_ll_usb.o
 .text.USBD_CDC_Init
                0x08005700       0xd4 obj\debug\middlewares\st\stm32_usb_device_library\class\cdc\src\usbd_cdc.o
 .text.USBD_CDC_DeInit
                0x080057d4       0x5c obj\debug\middlewares\st\stm32_usb_device_library\class\cdc\src\usbd_cdc.o
 .text.USBD_CDC_Setup
                0x08005830       0xbc obj\debug\middlewares\st\stm32_usb_device_library\class\cdc\src\usbd_cdc.o
 .text.USBD_CDC_DataIn
                0x080058ec       0x38 obj\debug\middlewares\st\stm32_usb_device_library\class\cdc\src\usbd_cdc.o
 .text.USBD_CDC_DataOut
                0x08005924       0x58 obj\debug\middlewares\st\stm32_usb_device_library\class\cdc\src\usbd_cdc.o
 .text.USBD_CDC_EP0_RxReady
                0x0800597c       0x50 obj\debug\middlewares\st\stm32_usb_device_library\class\cdc\src\usbd_cdc.o
 .text.USBD_CDC_GetFSCfgDesc
                0x080059cc       0x20 obj\debug\middlewares\st\stm32_usb_device_library\class\cdc\src\usbd_cdc.o
 .text.USBD_CDC_GetHSCfgDesc
                0x080059ec       0x20 obj\debug\middlewares\st\stm32_usb_device_library\class\cdc\src\usbd_cdc.o
 .text.USBD_CDC_GetOtherSpeedCfgDesc
                0x08005a0c       0x20 obj\debug\middlewares\st\stm32_usb_device_library\class\cdc\src\usbd_cdc.o
 .text.USBD_CDC_GetDeviceQualifierDescriptor
                0x08005a2c       0x20 obj\debug\middlewares\st\stm32_usb_device_library\class\cdc\src\usbd_cdc.o
                0x08005a2c                USBD_CDC_GetDeviceQualifierDescriptor
 .text.USBD_CDC_RegisterInterface
                0x08005a4c       0x30 obj\debug\middlewares\st\stm32_usb_device_library\class\cdc\src\usbd_cdc.o
                0x08005a4c                USBD_CDC_RegisterInterface
 .text.USBD_CDC_SetTxBuffer
                0x08005a7c       0x34 obj\debug\middlewares\st\stm32_usb_device_library\class\cdc\src\usbd_cdc.o
                0x08005a7c                USBD_CDC_SetTxBuffer
 .text.USBD_CDC_SetRxBuffer
                0x08005ab0       0x28 obj\debug\middlewares\st\stm32_usb_device_library\class\cdc\src\usbd_cdc.o
                0x08005ab0                USBD_CDC_SetRxBuffer
 .text.USBD_CDC_TransmitPacket
                0x08005ad8       0x54 obj\debug\middlewares\st\stm32_usb_device_library\class\cdc\src\usbd_cdc.o
                0x08005ad8                USBD_CDC_TransmitPacket
 .text.USBD_CDC_ReceivePacket
                0x08005b2c       0x54 obj\debug\middlewares\st\stm32_usb_device_library\class\cdc\src\usbd_cdc.o
                0x08005b2c                USBD_CDC_ReceivePacket
 .text.USBD_Init
                0x08005b80       0x58 obj\debug\middlewares\st\stm32_usb_device_library\core\src\usbd_core.o
                0x08005b80                USBD_Init
 .text.USBD_RegisterClass
                0x08005bd8       0x34 obj\debug\middlewares\st\stm32_usb_device_library\core\src\usbd_core.o
                0x08005bd8                USBD_RegisterClass
 .text.USBD_Start
                0x08005c0c       0x18 obj\debug\middlewares\st\stm32_usb_device_library\core\src\usbd_core.o
                0x08005c0c                USBD_Start
 .text.USBD_RunTestMode
                0x08005c24       0x18 obj\debug\middlewares\st\stm32_usb_device_library\core\src\usbd_core.o
                0x08005c24                USBD_RunTestMode
 .text.USBD_SetClassConfig
                0x08005c3c       0x40 obj\debug\middlewares\st\stm32_usb_device_library\core\src\usbd_core.o
                0x08005c3c                USBD_SetClassConfig
 .text.USBD_ClrClassConfig
                0x08005c7c       0x28 obj\debug\middlewares\st\stm32_usb_device_library\core\src\usbd_core.o
                0x08005c7c                USBD_ClrClassConfig
 .text.USBD_LL_SetupStage
                0x08005ca4       0x94 obj\debug\middlewares\st\stm32_usb_device_library\core\src\usbd_core.o
                0x08005ca4                USBD_LL_SetupStage
 .text.USBD_LL_DataOutStage
                0x08005d38       0xb8 obj\debug\middlewares\st\stm32_usb_device_library\core\src\usbd_core.o
                0x08005d38                USBD_LL_DataOutStage
 .text.USBD_LL_DataInStage
                0x08005df0      0x120 obj\debug\middlewares\st\stm32_usb_device_library\core\src\usbd_core.o
                0x08005df0                USBD_LL_DataInStage
 .text.USBD_LL_Reset
                0x08005f10       0x60 obj\debug\middlewares\st\stm32_usb_device_library\core\src\usbd_core.o
                0x08005f10                USBD_LL_Reset
 .text.USBD_LL_SetSpeed
                0x08005f70       0x20 obj\debug\middlewares\st\stm32_usb_device_library\core\src\usbd_core.o
                0x08005f70                USBD_LL_SetSpeed
 .text.USBD_LL_Suspend
                0x08005f90       0x2c obj\debug\middlewares\st\stm32_usb_device_library\core\src\usbd_core.o
                0x08005f90                USBD_LL_Suspend
 .text.USBD_LL_Resume
                0x08005fbc       0x24 obj\debug\middlewares\st\stm32_usb_device_library\core\src\usbd_core.o
                0x08005fbc                USBD_LL_Resume
 .text.USBD_LL_SOF
                0x08005fe0       0x34 obj\debug\middlewares\st\stm32_usb_device_library\core\src\usbd_core.o
                0x08005fe0                USBD_LL_SOF
 .text.USBD_LL_IsoINIncomplete
                0x08006014       0x1c obj\debug\middlewares\st\stm32_usb_device_library\core\src\usbd_core.o
                0x08006014                USBD_LL_IsoINIncomplete
 .text.USBD_LL_IsoOUTIncomplete
                0x08006030       0x1c obj\debug\middlewares\st\stm32_usb_device_library\core\src\usbd_core.o
                0x08006030                USBD_LL_IsoOUTIncomplete
 .text.USBD_LL_DevConnected
                0x0800604c       0x18 obj\debug\middlewares\st\stm32_usb_device_library\core\src\usbd_core.o
                0x0800604c                USBD_LL_DevConnected
 .text.USBD_LL_DevDisconnected
                0x08006064       0x30 obj\debug\middlewares\st\stm32_usb_device_library\core\src\usbd_core.o
                0x08006064                USBD_LL_DevDisconnected
 .text.USBD_StdDevReq
                0x08006094       0xa0 obj\debug\middlewares\st\stm32_usb_device_library\core\src\usbd_ctlreq.o
                0x08006094                USBD_StdDevReq
 .text.USBD_StdItfReq
                0x08006134       0x68 obj\debug\middlewares\st\stm32_usb_device_library\core\src\usbd_ctlreq.o
                0x08006134                USBD_StdItfReq
 .text.USBD_StdEPReq
                0x0800619c      0x1b0 obj\debug\middlewares\st\stm32_usb_device_library\core\src\usbd_ctlreq.o
                0x0800619c                USBD_StdEPReq
 .text.USBD_GetDescriptor
                0x0800634c      0x1e8 obj\debug\middlewares\st\stm32_usb_device_library\core\src\usbd_ctlreq.o
 .text.USBD_SetAddress
                0x08006534       0x7c obj\debug\middlewares\st\stm32_usb_device_library\core\src\usbd_ctlreq.o
 .text.USBD_SetConfig
                0x080065b0      0x110 obj\debug\middlewares\st\stm32_usb_device_library\core\src\usbd_ctlreq.o
 .text.USBD_GetConfig
                0x080066c0       0x64 obj\debug\middlewares\st\stm32_usb_device_library\core\src\usbd_ctlreq.o
 .text.USBD_GetStatus
                0x08006724       0x54 obj\debug\middlewares\st\stm32_usb_device_library\core\src\usbd_ctlreq.o
 .text.USBD_SetFeature
                0x08006778       0x38 obj\debug\middlewares\st\stm32_usb_device_library\core\src\usbd_ctlreq.o
 .text.USBD_ClrFeature
                0x080067b0       0x50 obj\debug\middlewares\st\stm32_usb_device_library\core\src\usbd_ctlreq.o
 .text.USBD_ParseSetupRequest
                0x08006800       0x7c obj\debug\middlewares\st\stm32_usb_device_library\core\src\usbd_ctlreq.o
                0x08006800                USBD_ParseSetupRequest
 .text.USBD_CtlError
                0x0800687c       0x24 obj\debug\middlewares\st\stm32_usb_device_library\core\src\usbd_ctlreq.o
                0x0800687c                USBD_CtlError
 .text.USBD_GetString
                0x080068a0       0x88 obj\debug\middlewares\st\stm32_usb_device_library\core\src\usbd_ctlreq.o
                0x080068a0                USBD_GetString
 .text.USBD_GetLen
                0x08006928       0x30 obj\debug\middlewares\st\stm32_usb_device_library\core\src\usbd_ctlreq.o
 .text.USBD_CtlSendData
                0x08006958       0x38 obj\debug\middlewares\st\stm32_usb_device_library\core\src\usbd_ioreq.o
                0x08006958                USBD_CtlSendData
 .text.USBD_CtlContinueSendData
                0x08006990       0x24 obj\debug\middlewares\st\stm32_usb_device_library\core\src\usbd_ioreq.o
                0x08006990                USBD_CtlContinueSendData
 .text.USBD_CtlPrepareRx
                0x080069b4       0x3c obj\debug\middlewares\st\stm32_usb_device_library\core\src\usbd_ioreq.o
                0x080069b4                USBD_CtlPrepareRx
 .text.USBD_CtlContinueRx
                0x080069f0       0x24 obj\debug\middlewares\st\stm32_usb_device_library\core\src\usbd_ioreq.o
                0x080069f0                USBD_CtlContinueRx
 .text.USBD_CtlSendStatus
                0x08006a14       0x28 obj\debug\middlewares\st\stm32_usb_device_library\core\src\usbd_ioreq.o
                0x08006a14                USBD_CtlSendStatus
 .text.USBD_CtlReceiveStatus
                0x08006a3c       0x28 obj\debug\middlewares\st\stm32_usb_device_library\core\src\usbd_ioreq.o
                0x08006a3c                USBD_CtlReceiveStatus
 .text.gp22_send_opcode8
                0x08006a64       0x4c obj\debug\src\gp22.o
                0x08006a64                gp22_send_opcode8
 .text.gp22_read_result_register
                0x08006ab0       0x80 obj\debug\src\gp22.o
                0x08006ab0                gp22_read_result_register
 .text.gp22_read_status_register
                0x08006b30       0x6c obj\debug\src\gp22.o
                0x08006b30                gp22_read_status_register
 .text.gp22_write_config_register
                0x08006b9c       0x7c obj\debug\src\gp22.o
                0x08006b9c                gp22_write_config_register
 .text.gp22_write_configuration
                0x08006c18       0x90 obj\debug\src\gp22.o
                0x08006c18                gp22_write_configuration
 .text.gp22_start_tof
                0x08006ca8       0x10 obj\debug\src\gp22.o
                0x08006ca8                gp22_start_tof
 .text.gp22_start_temp
                0x08006cb8       0x10 obj\debug\src\gp22.o
                0x08006cb8                gp22_start_temp
 .text.gp22_start_cal_res
                0x08006cc8       0x10 obj\debug\src\gp22.o
                0x08006cc8                gp22_start_cal_res
 .text.gp22_start_cal_tdc
                0x08006cd8       0x10 obj\debug\src\gp22.o
                0x08006cd8                gp22_start_cal_tdc
 .text.gp22_start_tof_restart
                0x08006ce8       0x38 obj\debug\src\gp22.o
                0x08006ce8                gp22_start_tof_restart
 .text.gp22_power_on_reset
                0x08006d20       0x10 obj\debug\src\gp22.o
                0x08006d20                gp22_power_on_reset
 .text.gp22_init_tdc
                0x08006d30       0x38 obj\debug\src\gp22.o
                0x08006d30                gp22_init_tdc
 .text.gp22_test_communication
                0x08006d68       0x64 obj\debug\src\gp22.o
                0x08006d68                gp22_test_communication
 .text.gp22_reset
                0x08006dcc       0x4c obj\debug\src\gp22.o
                0x08006dcc                gp22_reset
 .text.gp22_calibrate_clock
                0x08006e18       0x34 obj\debug\src\gp22.o
                0x08006e18                gp22_calibrate_clock
 .text.gp22_calibrate_tdc
                0x08006e4c       0x34 obj\debug\src\gp22.o
                0x08006e4c                gp22_calibrate_tdc
 .text.gp22_read_pt1000
                0x08006e80      0x238 obj\debug\src\gp22.o
                0x08006e80                gp22_read_pt1000
 .text.i2c_select_init
                0x080070b8       0x58 obj\debug\src\hw_config.o
                0x080070b8                i2c_select_init
 .text.gp22_hw_setup
                0x08007110      0x164 obj\debug\src\hw_config.o
                0x08007110                gp22_hw_setup
 .text.gp22_wait_for_interrupt
                0x08007274       0x3c obj\debug\src\hw_config.o
                0x08007274                gp22_wait_for_interrupt
 .text.gp22_initialize
                0x080072b0       0x94 obj\debug\src\main.o
                0x080072b0                gp22_initialize
 .text.gp22_read_raw
                0x08007344       0x94 obj\debug\src\main.o
                0x08007344                gp22_read_raw
 .text.GetLVDTaverageVal
                0x080073d8       0xc0 obj\debug\src\main.o
                0x080073d8                GetLVDTaverageVal
 .text.CMD_lvdt_R
                0x08007498       0x30 obj\debug\src\main.o
                0x08007498                CMD_lvdt_R
 .text.timer2_init
                0x080074c8       0x64 obj\debug\src\main.o
 .text.process_vcom_command
                0x0800752c      0xb88 obj\debug\src\main.o
                0x0800752c                process_vcom_command
 .text.main     0x080080b4      0x670 obj\debug\src\main.o
                0x080080b4                main
 .text.SystemClock_Config
                0x08008724       0xe0 obj\debug\src\main.o
                0x08008724                SystemClock_Config
 .text.Error_Handler
                0x08008804        0x8 obj\debug\src\main.o
                0x08008804                Error_Handler
 .text.HAL_MspInit
                0x0800880c       0x64 obj\debug\src\stm32f4xx_hal_msp.o
                0x0800880c                HAL_MspInit
 .text.HAL_SPI_MspInit
                0x08008870       0xd8 obj\debug\src\stm32f4xx_hal_msp.o
                0x08008870                HAL_SPI_MspInit
 .text.HAL_SPI_MspDeInit
                0x08008948       0x70 obj\debug\src\stm32f4xx_hal_msp.o
                0x08008948                HAL_SPI_MspDeInit
 .text.HAL_TIM_Base_MspInit
                0x080089b8       0x40 obj\debug\src\stm32f4xx_hal_msp.o
                0x080089b8                HAL_TIM_Base_MspInit
 .text.NMI_Handler
                0x080089f8       0x10 obj\debug\src\stm32f4xx_it.o
                0x080089f8                NMI_Handler
 .text.HardFault_Handler
                0x08008a08        0x8 obj\debug\src\stm32f4xx_it.o
                0x08008a08                HardFault_Handler
 .text.MemManage_Handler
                0x08008a10        0x8 obj\debug\src\stm32f4xx_it.o
                0x08008a10                MemManage_Handler
 .text.BusFault_Handler
                0x08008a18        0x8 obj\debug\src\stm32f4xx_it.o
                0x08008a18                BusFault_Handler
 .text.UsageFault_Handler
                0x08008a20        0x8 obj\debug\src\stm32f4xx_it.o
                0x08008a20                UsageFault_Handler
 .text.SVC_Handler
                0x08008a28       0x10 obj\debug\src\stm32f4xx_it.o
                0x08008a28                SVC_Handler
 .text.DebugMon_Handler
                0x08008a38       0x10 obj\debug\src\stm32f4xx_it.o
                0x08008a38                DebugMon_Handler
 .text.PendSV_Handler
                0x08008a48       0x10 obj\debug\src\stm32f4xx_it.o
                0x08008a48                PendSV_Handler
 .text.SysTick_Handler
                0x08008a58       0x28 obj\debug\src\stm32f4xx_it.o
                0x08008a58                SysTick_Handler
 .text.OTG_FS_IRQHandler
                0x08008a80       0x14 obj\debug\src\stm32f4xx_it.o
                0x08008a80                OTG_FS_IRQHandler
 .text.SystemInit
                0x08008a94       0x6c obj\debug\src\system_stm32f4xx.o
                0x08008a94                SystemInit
 .text.MX_USB_DEVICE_Init
                0x08008b00       0x38 obj\debug\src\usb_device.o
                0x08008b00                MX_USB_DEVICE_Init
 .text.CDC_Init_FS
                0x08008b38       0x28 obj\debug\src\usbd_cdc_if.o
                0x08008b38                CDC_Init_FS
 .text.CDC_DeInit_FS
                0x08008b60       0x10 obj\debug\src\usbd_cdc_if.o
 .text.CDC_Control_FS
                0x08008b70       0xbc obj\debug\src\usbd_cdc_if.o
 .text.CDC_Receive_FS
                0x08008c2c      0x108 obj\debug\src\usbd_cdc_if.o
                0x08008c2c                CDC_Receive_FS
 .text.CDC_Transmit_FS
                0x08008d34       0x4c obj\debug\src\usbd_cdc_if.o
                0x08008d34                CDC_Transmit_FS
 .text.VCOM_init
                0x08008d80       0x2c obj\debug\src\usbd_cdc_if.o
                0x08008d80                VCOM_init
 .text.VCOM_clear_answer
                0x08008dac       0x30 obj\debug\src\usbd_cdc_if.o
                0x08008dac                VCOM_clear_answer
 .text.VCOM_clear_command
                0x08008ddc       0x30 obj\debug\src\usbd_cdc_if.o
                0x08008ddc                VCOM_clear_command
 .text.VCOM_send_string
                0x08008e0c       0x28 obj\debug\src\usbd_cdc_if.o
                0x08008e0c                VCOM_send_string
 .text.HAL_PCD_MspInit
                0x08008e34       0xd4 obj\debug\src\usbd_conf.o
                0x08008e34                HAL_PCD_MspInit
 .text.HAL_PCD_SetupStageCallback
                0x08008f08       0x24 obj\debug\src\usbd_conf.o
                0x08008f08                HAL_PCD_SetupStageCallback
 .text.HAL_PCD_DataOutStageCallback
                0x08008f2c       0x38 obj\debug\src\usbd_conf.o
                0x08008f2c                HAL_PCD_DataOutStageCallback
 .text.HAL_PCD_DataInStageCallback
                0x08008f64       0x34 obj\debug\src\usbd_conf.o
                0x08008f64                HAL_PCD_DataInStageCallback
 .text.HAL_PCD_SOFCallback
                0x08008f98       0x1c obj\debug\src\usbd_conf.o
                0x08008f98                HAL_PCD_SOFCallback
 .text.HAL_PCD_ResetCallback
                0x08008fb4       0x50 obj\debug\src\usbd_conf.o
                0x08008fb4                HAL_PCD_ResetCallback
 .text.HAL_PCD_SuspendCallback
                0x08009004       0x50 obj\debug\src\usbd_conf.o
                0x08009004                HAL_PCD_SuspendCallback
 .text.HAL_PCD_ResumeCallback
                0x08009054       0x1c obj\debug\src\usbd_conf.o
                0x08009054                HAL_PCD_ResumeCallback
 .text.HAL_PCD_ISOOUTIncompleteCallback
                0x08009070       0x24 obj\debug\src\usbd_conf.o
                0x08009070                HAL_PCD_ISOOUTIncompleteCallback
 .text.HAL_PCD_ISOINIncompleteCallback
                0x08009094       0x24 obj\debug\src\usbd_conf.o
                0x08009094                HAL_PCD_ISOINIncompleteCallback
 .text.HAL_PCD_ConnectCallback
                0x080090b8       0x1c obj\debug\src\usbd_conf.o
                0x080090b8                HAL_PCD_ConnectCallback
 .text.HAL_PCD_DisconnectCallback
                0x080090d4       0x1c obj\debug\src\usbd_conf.o
                0x080090d4                HAL_PCD_DisconnectCallback
 .text.USBD_LL_Init
                0x080090f0       0xa0 obj\debug\src\usbd_conf.o
                0x080090f0                USBD_LL_Init
 .text.USBD_LL_Start
                0x08009190       0x20 obj\debug\src\usbd_conf.o
                0x08009190                USBD_LL_Start
 .text.USBD_LL_OpenEP
                0x080091b0       0x34 obj\debug\src\usbd_conf.o
                0x080091b0                USBD_LL_OpenEP
 .text.USBD_LL_CloseEP
                0x080091e4       0x28 obj\debug\src\usbd_conf.o
                0x080091e4                USBD_LL_CloseEP
 .text.USBD_LL_StallEP
                0x0800920c       0x28 obj\debug\src\usbd_conf.o
                0x0800920c                USBD_LL_StallEP
 .text.USBD_LL_ClearStallEP
                0x08009234       0x28 obj\debug\src\usbd_conf.o
                0x08009234                USBD_LL_ClearStallEP
 .text.USBD_LL_IsStallEP
                0x0800925c       0x58 obj\debug\src\usbd_conf.o
                0x0800925c                USBD_LL_IsStallEP
 .text.USBD_LL_SetUSBAddress
                0x080092b4       0x28 obj\debug\src\usbd_conf.o
                0x080092b4                USBD_LL_SetUSBAddress
 .text.USBD_LL_Transmit
                0x080092dc       0x30 obj\debug\src\usbd_conf.o
                0x080092dc                USBD_LL_Transmit
 .text.USBD_LL_PrepareReceive
                0x0800930c       0x30 obj\debug\src\usbd_conf.o
                0x0800930c                USBD_LL_PrepareReceive
 .text.USBD_LL_GetRxDataSize
                0x0800933c       0x28 obj\debug\src\usbd_conf.o
                0x0800933c                USBD_LL_GetRxDataSize
 .text.USBD_FS_DeviceDescriptor
                0x08009364       0x24 obj\debug\src\usbd_desc.o
                0x08009364                USBD_FS_DeviceDescriptor
 .text.USBD_FS_LangIDStrDescriptor
                0x08009388       0x24 obj\debug\src\usbd_desc.o
                0x08009388                USBD_FS_LangIDStrDescriptor
 .text.USBD_FS_ProductStrDescriptor
                0x080093ac       0x3c obj\debug\src\usbd_desc.o
                0x080093ac                USBD_FS_ProductStrDescriptor
 .text.USBD_FS_ManufacturerStrDescriptor
                0x080093e8       0x28 obj\debug\src\usbd_desc.o
                0x080093e8                USBD_FS_ManufacturerStrDescriptor
 .text.USBD_FS_SerialStrDescriptor
                0x08009410       0x3c obj\debug\src\usbd_desc.o
                0x08009410                USBD_FS_SerialStrDescriptor
 .text.USBD_FS_ConfigStrDescriptor
                0x0800944c       0x3c obj\debug\src\usbd_desc.o
                0x0800944c                USBD_FS_ConfigStrDescriptor
 .text.USBD_FS_InterfaceStrDescriptor
                0x08009488       0x3c obj\debug\src\usbd_desc.o
                0x08009488                USBD_FS_InterfaceStrDescriptor
 .text.init_cycle_counter
                0x080094c4       0x44 obj\debug\src\utils.o
                0x080094c4                init_cycle_counter
 .text.read_cycle_counter
                0x08009508       0x18 obj\debug\src\utils.o
                0x08009508                read_cycle_counter
 .text.delay_us
                0x08009520       0x54 obj\debug\src\utils.o
                0x08009520                delay_us
 .text.delay_ms
                0x08009574       0x18 obj\debug\src\utils.o
                0x08009574                delay_ms
 .text.get_int_param
                0x0800958c       0x88 obj\debug\src\utils.o
                0x0800958c                get_int_param
 .text.get_hex_param
                0x08009614       0x88 obj\debug\src\utils.o
                0x08009614                get_hex_param
 .text.Reset_Handler
                0x0800969c       0x50 obj\debug\startup\startup_stm32f405xx.o
                0x0800969c                Reset_Handler
 .text.Default_Handler
                0x080096ec        0x2 obj\debug\startup\startup_stm32f405xx.o
                0x080096ec                RTC_Alarm_IRQHandler
                0x080096ec                HASH_RNG_IRQHandler
                0x080096ec                EXTI2_IRQHandler
                0x080096ec                TIM8_CC_IRQHandler
                0x080096ec                TIM1_CC_IRQHandler
                0x080096ec                DMA2_Stream5_IRQHandler
                0x080096ec                DMA1_Stream5_IRQHandler
                0x080096ec                PVD_IRQHandler
                0x080096ec                SDIO_IRQHandler
                0x080096ec                TAMP_STAMP_IRQHandler
                0x080096ec                CAN2_RX1_IRQHandler
                0x080096ec                EXTI3_IRQHandler
                0x080096ec                TIM8_TRG_COM_TIM14_IRQHandler
                0x080096ec                TIM1_UP_TIM10_IRQHandler
                0x080096ec                TIM8_UP_TIM13_IRQHandler
                0x080096ec                I2C3_ER_IRQHandler
                0x080096ec                EXTI0_IRQHandler
                0x080096ec                I2C2_EV_IRQHandler
                0x080096ec                DMA1_Stream2_IRQHandler
                0x080096ec                CAN1_RX0_IRQHandler
                0x080096ec                FPU_IRQHandler
                0x080096ec                OTG_HS_WKUP_IRQHandler
                0x080096ec                CAN2_SCE_IRQHandler
                0x080096ec                DMA2_Stream2_IRQHandler
                0x080096ec                SPI1_IRQHandler
                0x080096ec                TIM6_DAC_IRQHandler
                0x080096ec                TIM1_BRK_TIM9_IRQHandler
                0x080096ec                CAN2_RX0_IRQHandler
                0x080096ec                DMA2_Stream3_IRQHandler
                0x080096ec                USART6_IRQHandler
                0x080096ec                USART3_IRQHandler
                0x080096ec                CAN1_RX1_IRQHandler
                0x080096ec                UART5_IRQHandler
                0x080096ec                DMA2_Stream0_IRQHandler
                0x080096ec                TIM4_IRQHandler
                0x080096ec                I2C1_EV_IRQHandler
                0x080096ec                DMA1_Stream6_IRQHandler
                0x080096ec                DMA1_Stream1_IRQHandler
                0x080096ec                UART4_IRQHandler
                0x080096ec                TIM3_IRQHandler
                0x080096ec                RCC_IRQHandler
                0x080096ec                TIM8_BRK_TIM12_IRQHandler
                0x080096ec                Default_Handler
                0x080096ec                EXTI15_10_IRQHandler
                0x080096ec                ADC_IRQHandler
                0x080096ec                DMA1_Stream7_IRQHandler
                0x080096ec                TIM7_IRQHandler
                0x080096ec                CAN2_TX_IRQHandler
                0x080096ec                TIM5_IRQHandler
                0x080096ec                DMA2_Stream7_IRQHandler
                0x080096ec                I2C3_EV_IRQHandler
                0x080096ec                EXTI9_5_IRQHandler
                0x080096ec                RTC_WKUP_IRQHandler
                0x080096ec                SPI2_IRQHandler
                0x080096ec                OTG_HS_EP1_IN_IRQHandler
                0x080096ec                DMA1_Stream0_IRQHandler
                0x080096ec                CAN1_TX_IRQHandler
                0x080096ec                EXTI4_IRQHandler
                0x080096ec                FSMC_IRQHandler
                0x080096ec                OTG_HS_EP1_OUT_IRQHandler
                0x080096ec                WWDG_IRQHandler
                0x080096ec                TIM2_IRQHandler
                0x080096ec                OTG_FS_WKUP_IRQHandler
                0x080096ec                TIM1_TRG_COM_TIM11_IRQHandler
                0x080096ec                OTG_HS_IRQHandler
                0x080096ec                EXTI1_IRQHandler
                0x080096ec                USART2_IRQHandler
                0x080096ec                I2C2_ER_IRQHandler
                0x080096ec                DMA2_Stream1_IRQHandler
                0x080096ec                CAN1_SCE_IRQHandler
                0x080096ec                FLASH_IRQHandler
                0x080096ec                DMA2_Stream4_IRQHandler
                0x080096ec                USART1_IRQHandler
                0x080096ec                SPI3_IRQHandler
                0x080096ec                DMA1_Stream4_IRQHandler
                0x080096ec                I2C1_ER_IRQHandler
                0x080096ec                DMA2_Stream6_IRQHandler
                0x080096ec                DMA1_Stream3_IRQHandler
 *fill*         0x080096ee        0x2 
 .text.sqrt     0x080096f0       0xb8 d:/programme/embitz/1.11/share/em_armgcc/bin/../lib/gcc/arm-none-eabi/5.4.1/../../../../arm-none-eabi/lib/armv7e-m/fpu\libm_s.a(lib_a-w_sqrt.o)
                0x080096f0                sqrt
 .text.__ieee754_sqrt
                0x080097a8      0x168 d:/programme/embitz/1.11/share/em_armgcc/bin/../lib/gcc/arm-none-eabi/5.4.1/../../../../arm-none-eabi/lib/armv7e-m/fpu\libm_s.a(lib_a-e_sqrt.o)
                0x080097a8                __ieee754_sqrt
 .text.matherr  0x08009910        0x4 d:/programme/embitz/1.11/share/em_armgcc/bin/../lib/gcc/arm-none-eabi/5.4.1/../../../../arm-none-eabi/lib/armv7e-m/fpu\libm_s.a(lib_a-s_matherr.o)
                0x08009910                matherr
 .text.atol     0x08009914        0x8 d:/programme/embitz/1.11/share/em_armgcc/bin/../lib/gcc/arm-none-eabi/5.4.1/../../../../arm-none-eabi/lib/armv7e-m/fpu\libg_s.a(lib_a-atol.o)
                0x08009914                atol
 .text.__errno  0x0800991c        0xc d:/programme/embitz/1.11/share/em_armgcc/bin/../lib/gcc/arm-none-eabi/5.4.1/../../../../arm-none-eabi/lib/armv7e-m/fpu\libg_s.a(lib_a-errno.o)
                0x0800991c                __errno
 .text.malloc   0x08009928       0x10 d:/programme/embitz/1.11/share/em_armgcc/bin/../lib/gcc/arm-none-eabi/5.4.1/../../../../arm-none-eabi/lib/armv7e-m/fpu\libg_s.a(lib_a-malloc.o)
                0x08009928                malloc
 .text.free     0x08009938       0x10 d:/programme/embitz/1.11/share/em_armgcc/bin/../lib/gcc/arm-none-eabi/5.4.1/../../../../arm-none-eabi/lib/armv7e-m/fpu\libg_s.a(lib_a-malloc.o)
                0x08009938                free
 .text._malloc_r
                0x08009948      0x460 d:/programme/embitz/1.11/share/em_armgcc/bin/../lib/gcc/arm-none-eabi/5.4.1/../../../../arm-none-eabi/lib/armv7e-m/fpu\libg_s.a(lib_a-mallocr.o)
                0x08009948                _malloc_r
 .text.__malloc_lock
                0x08009da8        0x2 d:/programme/embitz/1.11/share/em_armgcc/bin/../lib/gcc/arm-none-eabi/5.4.1/../../../../arm-none-eabi/lib/armv7e-m/fpu\libg_s.a(lib_a-mlock.o)
                0x08009da8                __malloc_lock
 .text.__malloc_unlock
                0x08009daa        0x2 d:/programme/embitz/1.11/share/em_armgcc/bin/../lib/gcc/arm-none-eabi/5.4.1/../../../../arm-none-eabi/lib/armv7e-m/fpu\libg_s.a(lib_a-mlock.o)
                0x08009daa                __malloc_unlock
 .text._sbrk_r  0x08009dac       0x20 d:/programme/embitz/1.11/share/em_armgcc/bin/../lib/gcc/arm-none-eabi/5.4.1/../../../../arm-none-eabi/lib/armv7e-m/fpu\libg_s.a(lib_a-sbrkr.o)
                0x08009dac                _sbrk_r
 .text.sprintf  0x08009dcc       0x48 d:/programme/embitz/1.11/share/em_armgcc/bin/../lib/gcc/arm-none-eabi/5.4.1/../../../../arm-none-eabi/lib/armv7e-m/fpu\libg_s.a(lib_a-sprintf.o)
                0x08009dcc                sprintf
 .text.strcat   0x08009e14       0x1e d:/programme/embitz/1.11/share/em_armgcc/bin/../lib/gcc/arm-none-eabi/5.4.1/../../../../arm-none-eabi/lib/armv7e-m/fpu\libg_s.a(lib_a-strcat.o)
                0x08009e14                strcat
 .text.strncmp  0x08009e32       0x2a d:/programme/embitz/1.11/share/em_armgcc/bin/../lib/gcc/arm-none-eabi/5.4.1/../../../../arm-none-eabi/lib/armv7e-m/fpu\libg_s.a(lib_a-strncmp.o)
                0x08009e32                strncmp
 .text.strncpy  0x08009e5c       0x26 d:/programme/embitz/1.11/share/em_armgcc/bin/../lib/gcc/arm-none-eabi/5.4.1/../../../../arm-none-eabi/lib/armv7e-m/fpu\libg_s.a(lib_a-strncpy.o)
                0x08009e5c                strncpy
 *fill*         0x08009e82        0x2 
 .text._strtol_r
                0x08009e84      0x10c d:/programme/embitz/1.11/share/em_armgcc/bin/../lib/gcc/arm-none-eabi/5.4.1/../../../../arm-none-eabi/lib/armv7e-m/fpu\libg_s.a(lib_a-strtol.o)
                0x08009e84                _strtol_r
 .text.strtol   0x08009f90       0x14 d:/programme/embitz/1.11/share/em_armgcc/bin/../lib/gcc/arm-none-eabi/5.4.1/../../../../arm-none-eabi/lib/armv7e-m/fpu\libg_s.a(lib_a-strtol.o)
                0x08009f90                strtol
 .text._strtoul_r
                0x08009fa4       0xfc d:/programme/embitz/1.11/share/em_armgcc/bin/../lib/gcc/arm-none-eabi/5.4.1/../../../../arm-none-eabi/lib/armv7e-m/fpu\libg_s.a(lib_a-strtoul.o)
                0x08009fa4                _strtoul_r
 .text.strtoul  0x0800a0a0       0x14 d:/programme/embitz/1.11/share/em_armgcc/bin/../lib/gcc/arm-none-eabi/5.4.1/../../../../arm-none-eabi/lib/armv7e-m/fpu\libg_s.a(lib_a-strtoul.o)
                0x0800a0a0                strtoul
 *fill*         0x0800a0b4        0x4 
 .text._svfprintf_r
                0x0800a0b8      0xf84 d:/programme/embitz/1.11/share/em_armgcc/bin/../lib/gcc/arm-none-eabi/5.4.1/../../../../arm-none-eabi/lib/armv7e-m/fpu\libg_s.a(lib_a-svfprintf.o)
                0x0800a0b8                _svfprintf_r
 .text.quorem   0x0800b03c      0x11e d:/programme/embitz/1.11/share/em_armgcc/bin/../lib/gcc/arm-none-eabi/5.4.1/../../../../arm-none-eabi/lib/armv7e-m/fpu\libg_s.a(lib_a-dtoa.o)
 *fill*         0x0800b15a        0x6 
 .text._dtoa_r  0x0800b160      0xb18 d:/programme/embitz/1.11/share/em_armgcc/bin/../lib/gcc/arm-none-eabi/5.4.1/../../../../arm-none-eabi/lib/armv7e-m/fpu\libg_s.a(lib_a-dtoa.o)
                0x0800b160                _dtoa_r
 .text._malloc_trim_r
                0x0800bc78       0x9c d:/programme/embitz/1.11/share/em_armgcc/bin/../lib/gcc/arm-none-eabi/5.4.1/../../../../arm-none-eabi/lib/armv7e-m/fpu\libg_s.a(lib_a-freer.o)
                0x0800bc78                _malloc_trim_r
 .text._free_r  0x0800bd14      0x17c d:/programme/embitz/1.11/share/em_armgcc/bin/../lib/gcc/arm-none-eabi/5.4.1/../../../../arm-none-eabi/lib/armv7e-m/fpu\libg_s.a(lib_a-freer.o)
                0x0800bd14                _free_r
 .text._localeconv_r
                0x0800be90        0x8 d:/programme/embitz/1.11/share/em_armgcc/bin/../lib/gcc/arm-none-eabi/5.4.1/../../../../arm-none-eabi/lib/armv7e-m/fpu\libg_s.a(lib_a-locale.o)
                0x0800be90                _localeconv_r
 .text.memcpy   0x0800be98       0x16 d:/programme/embitz/1.11/share/em_armgcc/bin/../lib/gcc/arm-none-eabi/5.4.1/../../../../arm-none-eabi/lib/armv7e-m/fpu\libg_s.a(lib_a-memcpy-stub.o)
                0x0800be98                memcpy
 .text._Balloc  0x0800beae       0x4c d:/programme/embitz/1.11/share/em_armgcc/bin/../lib/gcc/arm-none-eabi/5.4.1/../../../../arm-none-eabi/lib/armv7e-m/fpu\libg_s.a(lib_a-mprec.o)
                0x0800beae                _Balloc
 .text._Bfree   0x0800befa       0x12 d:/programme/embitz/1.11/share/em_armgcc/bin/../lib/gcc/arm-none-eabi/5.4.1/../../../../arm-none-eabi/lib/armv7e-m/fpu\libg_s.a(lib_a-mprec.o)
                0x0800befa                _Bfree
 .text.__multadd
                0x0800bf0c       0x76 d:/programme/embitz/1.11/share/em_armgcc/bin/../lib/gcc/arm-none-eabi/5.4.1/../../../../arm-none-eabi/lib/armv7e-m/fpu\libg_s.a(lib_a-mprec.o)
                0x0800bf0c                __multadd
 .text.__hi0bits
                0x0800bf82       0x40 d:/programme/embitz/1.11/share/em_armgcc/bin/../lib/gcc/arm-none-eabi/5.4.1/../../../../arm-none-eabi/lib/armv7e-m/fpu\libg_s.a(lib_a-mprec.o)
                0x0800bf82                __hi0bits
 .text.__lo0bits
                0x0800bfc2       0x5a d:/programme/embitz/1.11/share/em_armgcc/bin/../lib/gcc/arm-none-eabi/5.4.1/../../../../arm-none-eabi/lib/armv7e-m/fpu\libg_s.a(lib_a-mprec.o)
                0x0800bfc2                __lo0bits
 .text.__i2b    0x0800c01c       0x12 d:/programme/embitz/1.11/share/em_armgcc/bin/../lib/gcc/arm-none-eabi/5.4.1/../../../../arm-none-eabi/lib/armv7e-m/fpu\libg_s.a(lib_a-mprec.o)
                0x0800c01c                __i2b
 .text.__multiply
                0x0800c02e      0x122 d:/programme/embitz/1.11/share/em_armgcc/bin/../lib/gcc/arm-none-eabi/5.4.1/../../../../arm-none-eabi/lib/armv7e-m/fpu\libg_s.a(lib_a-mprec.o)
                0x0800c02e                __multiply
 .text.__pow5mult
                0x0800c150       0x80 d:/programme/embitz/1.11/share/em_armgcc/bin/../lib/gcc/arm-none-eabi/5.4.1/../../../../arm-none-eabi/lib/armv7e-m/fpu\libg_s.a(lib_a-mprec.o)
                0x0800c150                __pow5mult
 .text.__lshift
                0x0800c1d0       0xa2 d:/programme/embitz/1.11/share/em_armgcc/bin/../lib/gcc/arm-none-eabi/5.4.1/../../../../arm-none-eabi/lib/armv7e-m/fpu\libg_s.a(lib_a-mprec.o)
                0x0800c1d0                __lshift
 .text.__mcmp   0x0800c272       0x38 d:/programme/embitz/1.11/share/em_armgcc/bin/../lib/gcc/arm-none-eabi/5.4.1/../../../../arm-none-eabi/lib/armv7e-m/fpu\libg_s.a(lib_a-mprec.o)
                0x0800c272                __mcmp
 .text.__mdiff  0x0800c2aa       0xbe d:/programme/embitz/1.11/share/em_armgcc/bin/../lib/gcc/arm-none-eabi/5.4.1/../../../../arm-none-eabi/lib/armv7e-m/fpu\libg_s.a(lib_a-mprec.o)
                0x0800c2aa                __mdiff
 .text.__d2b    0x0800c368       0x9c d:/programme/embitz/1.11/share/em_armgcc/bin/../lib/gcc/arm-none-eabi/5.4.1/../../../../arm-none-eabi/lib/armv7e-m/fpu\libg_s.a(lib_a-mprec.o)
                0x0800c368                __d2b
 .text.__ssprint_r
                0x0800c404       0xfe d:/programme/embitz/1.11/share/em_armgcc/bin/../lib/gcc/arm-none-eabi/5.4.1/../../../../arm-none-eabi/lib/armv7e-m/fpu\libg_s.a(lib_a-svfiprintf.o)
                0x0800c404                __ssprint_r
 .text._calloc_r
                0x0800c502       0x5a d:/programme/embitz/1.11/share/em_armgcc/bin/../lib/gcc/arm-none-eabi/5.4.1/../../../../arm-none-eabi/lib/armv7e-m/fpu\libg_s.a(lib_a-callocr.o)
                0x0800c502                _calloc_r
 .text.memmove  0x0800c55c       0x36 d:/programme/embitz/1.11/share/em_armgcc/bin/../lib/gcc/arm-none-eabi/5.4.1/../../../../arm-none-eabi/lib/armv7e-m/fpu\libg_s.a(lib_a-memmove.o)
                0x0800c55c                memmove
 *fill*         0x0800c592        0x2 
 .text._realloc_r
                0x0800c594      0x350 d:/programme/embitz/1.11/share/em_armgcc/bin/../lib/gcc/arm-none-eabi/5.4.1/../../../../arm-none-eabi/lib/armv7e-m/fpu\libg_s.a(lib_a-reallocr.o)
                0x0800c594                _realloc_r
 .text._sbrk    0x0800c8e4       0x1c d:/programme/embitz/1.11/share/em_armgcc/bin/../lib/gcc/arm-none-eabi/5.4.1/../../../../arm-none-eabi/lib/armv7e-m/fpu\libnosys_s.a(sbrk.o)
                0x0800c8e4                _sbrk
 *(.glue_7)
 .glue_7        0x0800c900        0x0 linker stubs
 *(.glue_7t)
 .glue_7t       0x0800c900        0x0 linker stubs
 *(.eh_frame)
 .eh_frame      0x0800c900        0x0 d:/programme/embitz/1.11/share/em_armgcc/bin/../lib/gcc/arm-none-eabi/5.4.1/armv7e-m/fpu/crtbegin.o
 *(.init)
 .init          0x0800c900        0x4 d:/programme/embitz/1.11/share/em_armgcc/bin/../lib/gcc/arm-none-eabi/5.4.1/armv7e-m/fpu/crti.o
                0x0800c900                _init
 .init          0x0800c904        0x8 d:/programme/embitz/1.11/share/em_armgcc/bin/../lib/gcc/arm-none-eabi/5.4.1/armv7e-m/fpu/crtn.o
 *(.fini)
 .fini          0x0800c90c        0x4 d:/programme/embitz/1.11/share/em_armgcc/bin/../lib/gcc/arm-none-eabi/5.4.1/armv7e-m/fpu/crti.o
                0x0800c90c                _fini
 .fini          0x0800c910        0x8 d:/programme/embitz/1.11/share/em_armgcc/bin/../lib/gcc/arm-none-eabi/5.4.1/armv7e-m/fpu/crtn.o
                0x0800c918                . = ALIGN (0x4)
                0x0800c918                _etext = .

.vfp11_veneer   0x0800c918        0x0
 .vfp11_veneer  0x0800c918        0x0 linker stubs

.v4_bx          0x0800c918        0x0
 .v4_bx         0x0800c918        0x0 linker stubs

.iplt           0x0800c918        0x0
 .iplt          0x0800c918        0x0 d:/programme/embitz/1.11/share/em_armgcc/bin/../lib/gcc/arm-none-eabi/5.4.1/armv7e-m/fpu/crtbegin.o

.rodata         0x0800c918      0x768
                0x0800c918                . = ALIGN (0x4)
 *(.rodata)
 .rodata        0x0800c918      0x47a obj\debug\src\main.o
 *fill*         0x0800cd92        0x2 
 .rodata        0x0800cd94        0x9 obj\debug\src\usbd_cdc_if.o
 *fill*         0x0800cd9d        0x3 
 .rodata        0x0800cda0       0x56 obj\debug\src\usbd_desc.o
 *(.rodata*)
 *fill*         0x0800cdf6        0x2 
 .rodata.str1.4
                0x0800cdf8        0x4 d:/programme/embitz/1.11/share/em_armgcc/bin/../lib/gcc/arm-none-eabi/5.4.1/../../../../arm-none-eabi/lib/armv7e-m/fpu\libc.a(lib_a-impure.o)
                                  0x2 (size before relaxing)
 .rodata._global_impure_ptr
                0x0800cdfc        0x4 d:/programme/embitz/1.11/share/em_armgcc/bin/../lib/gcc/arm-none-eabi/5.4.1/../../../../arm-none-eabi/lib/armv7e-m/fpu\libc.a(lib_a-impure.o)
                0x0800cdfc                _global_impure_ptr
 .rodata.AHBPrescTable
                0x0800ce00       0x10 obj\debug\src\system_stm32f4xx.o
                0x0800ce00                AHBPrescTable
 .rodata.str1.1
                0x0800ce10        0x5 d:/programme/embitz/1.11/share/em_armgcc/bin/../lib/gcc/arm-none-eabi/5.4.1/../../../../arm-none-eabi/lib/armv7e-m/fpu\libm_s.a(lib_a-w_sqrt.o)
 .rodata.blanks.7057
                0x0800ce15       0x10 d:/programme/embitz/1.11/share/em_armgcc/bin/../lib/gcc/arm-none-eabi/5.4.1/../../../../arm-none-eabi/lib/armv7e-m/fpu\libg_s.a(lib_a-svfprintf.o)
 .rodata.str1.1
                0x0800ce25       0x34 d:/programme/embitz/1.11/share/em_armgcc/bin/../lib/gcc/arm-none-eabi/5.4.1/../../../../arm-none-eabi/lib/armv7e-m/fpu\libg_s.a(lib_a-svfprintf.o)
 .rodata.zeroes.7058
                0x0800ce59       0x10 d:/programme/embitz/1.11/share/em_armgcc/bin/../lib/gcc/arm-none-eabi/5.4.1/../../../../arm-none-eabi/lib/armv7e-m/fpu\libg_s.a(lib_a-svfprintf.o)
 .rodata._ctype_
                0x0800ce69      0x101 d:/programme/embitz/1.11/share/em_armgcc/bin/../lib/gcc/arm-none-eabi/5.4.1/../../../../arm-none-eabi/lib/armv7e-m/fpu\libg_s.a(lib_a-ctype_.o)
                0x0800ce69                _ctype_
 .rodata.str1.1
                0x0800cf6a        0xd d:/programme/embitz/1.11/share/em_armgcc/bin/../lib/gcc/arm-none-eabi/5.4.1/../../../../arm-none-eabi/lib/armv7e-m/fpu\libg_s.a(lib_a-dtoa.o)
                                  0xf (size before relaxing)
 .rodata.str1.1
                0x0800cf77        0xa d:/programme/embitz/1.11/share/em_armgcc/bin/../lib/gcc/arm-none-eabi/5.4.1/../../../../arm-none-eabi/lib/armv7e-m/fpu\libg_s.a(lib_a-locale.o)
                                  0xb (size before relaxing)
 *fill*         0x0800cf81        0x3 
 .rodata.p05.5399
                0x0800cf84        0xc d:/programme/embitz/1.11/share/em_armgcc/bin/../lib/gcc/arm-none-eabi/5.4.1/../../../../arm-none-eabi/lib/armv7e-m/fpu\libg_s.a(lib_a-mprec.o)
 .rodata.__mprec_tens
                0x0800cf90       0xc8 d:/programme/embitz/1.11/share/em_armgcc/bin/../lib/gcc/arm-none-eabi/5.4.1/../../../../arm-none-eabi/lib/armv7e-m/fpu\libg_s.a(lib_a-mprec.o)
                0x0800cf90                __mprec_tens
 .rodata.__mprec_bigtens
                0x0800d058       0x28 d:/programme/embitz/1.11/share/em_armgcc/bin/../lib/gcc/arm-none-eabi/5.4.1/../../../../arm-none-eabi/lib/armv7e-m/fpu\libg_s.a(lib_a-mprec.o)
                0x0800d058                __mprec_bigtens
                0x0800d080                . = ALIGN (0x4)

.ARM.extab
 *(.ARM.extab* .gnu.linkonce.armextab.*)

.ARM            0x0800d080        0x8
                0x0800d080                __exidx_start = .
 *(.ARM.exidx*)
 .ARM.exidx     0x0800d080        0x8 d:/programme/embitz/1.11/share/em_armgcc/bin/../lib/gcc/arm-none-eabi/5.4.1/armv7e-m/fpu\libgcc.a(_udivmoddi4.o)
                0x0800d088                __exidx_end = .

.rel.dyn        0x0800d088        0x0
 .rel.iplt      0x0800d088        0x0 d:/programme/embitz/1.11/share/em_armgcc/bin/../lib/gcc/arm-none-eabi/5.4.1/armv7e-m/fpu/crtbegin.o

.preinit_array  0x0800d088        0x0
                0x0800d088                PROVIDE (__preinit_array_start, .)
 *(.preinit_array*)
                0x0800d088                PROVIDE (__preinit_array_end, .)

.init_array     0x0800d088        0x8
                0x0800d088                PROVIDE (__init_array_start, .)
 *(SORT(.init_array.*))
 .init_array.00000
                0x0800d088        0x4 d:/programme/embitz/1.11/share/em_armgcc/bin/../lib/gcc/arm-none-eabi/5.4.1/../../../../arm-none-eabi/lib/armv7e-m/fpu\libc.a(lib_a-__call_atexit.o)
 *(.init_array*)
 .init_array    0x0800d08c        0x4 d:/programme/embitz/1.11/share/em_armgcc/bin/../lib/gcc/arm-none-eabi/5.4.1/armv7e-m/fpu/crtbegin.o
                0x0800d090                PROVIDE (__init_array_end, .)

.fini_array     0x0800d090        0x4
                0x0800d090                PROVIDE (__fini_array_start, .)
 *(SORT(.fini_array.*))
 *(.fini_array*)
 .fini_array    0x0800d090        0x4 d:/programme/embitz/1.11/share/em_armgcc/bin/../lib/gcc/arm-none-eabi/5.4.1/armv7e-m/fpu/crtbegin.o
                0x0800d094                PROVIDE (__fini_array_end, .)
                0x0800d094                _sidata = LOADADDR (.data)

.data           0x20000000      0xa10 load address 0x0800d094
                0x20000000                . = ALIGN (0x4)
                0x20000000                _sdata = .
 *(.data)
 *(.data*)
 .data.impure_data
                0x20000000      0x428 d:/programme/embitz/1.11/share/em_armgcc/bin/../lib/gcc/arm-none-eabi/5.4.1/../../../../arm-none-eabi/lib/armv7e-m/fpu\libc.a(lib_a-impure.o)
 .data._impure_ptr
                0x20000428        0x4 d:/programme/embitz/1.11/share/em_armgcc/bin/../lib/gcc/arm-none-eabi/5.4.1/../../../../arm-none-eabi/lib/armv7e-m/fpu\libc.a(lib_a-impure.o)
                0x20000428                _impure_ptr
 .data.USBD_CDC_DeviceQualifierDesc
                0x2000042c        0xa obj\debug\middlewares\st\stm32_usb_device_library\class\cdc\src\usbd_cdc.o
 *fill*         0x20000436        0x2 
 .data.USBD_CDC
                0x20000438       0x38 obj\debug\middlewares\st\stm32_usb_device_library\class\cdc\src\usbd_cdc.o
                0x20000438                USBD_CDC
 .data.USBD_CDC_CfgHSDesc
                0x20000470       0x43 obj\debug\middlewares\st\stm32_usb_device_library\class\cdc\src\usbd_cdc.o
                0x20000470                USBD_CDC_CfgHSDesc
 *fill*         0x200004b3        0x1 
 .data.USBD_CDC_CfgFSDesc
                0x200004b4       0x43 obj\debug\middlewares\st\stm32_usb_device_library\class\cdc\src\usbd_cdc.o
                0x200004b4                USBD_CDC_CfgFSDesc
 *fill*         0x200004f7        0x1 
 .data.USBD_CDC_OtherSpeedCfgDesc
                0x200004f8       0x43 obj\debug\middlewares\st\stm32_usb_device_library\class\cdc\src\usbd_cdc.o
                0x200004f8                USBD_CDC_OtherSpeedCfgDesc
 *fill*         0x2000053b        0x1 
 .data.gp22_config_buffer
                0x2000053c       0x1c obj\debug\src\gp22.o
                0x2000053c                gp22_config_buffer
 .data.R0       0x20000558        0x4 obj\debug\src\gp22.o
                0x20000558                R0
 .data.gain_factor
                0x2000055c        0x4 obj\debug\src\gp22.o
                0x2000055c                gain_factor
 .data.ma       0x20000560        0x4 obj\debug\src\gp22.o
                0x20000560                ma
 .data.mb       0x20000564        0x4 obj\debug\src\gp22.o
                0x20000564                mb
 .data.averageCountLVDT
                0x20000568        0x1 obj\debug\src\main.o
                0x20000568                averageCountLVDT
 *fill*         0x20000569        0x3 
 .data.SystemCoreClock
                0x2000056c        0x4 obj\debug\src\system_stm32f4xx.o
                0x2000056c                SystemCoreClock
 .data.USBD_Interface_fops_FS
                0x20000570       0x10 obj\debug\src\usbd_cdc_if.o
                0x20000570                USBD_Interface_fops_FS
 .data.FS_Desc  0x20000580       0x1c obj\debug\src\usbd_desc.o
                0x20000580                FS_Desc
 .data.USBD_FS_DeviceDesc
                0x2000059c       0x12 obj\debug\src\usbd_desc.o
                0x2000059c                USBD_FS_DeviceDesc
 *fill*         0x200005ae        0x2 
 .data.USBD_LangIDDesc
                0x200005b0        0x4 obj\debug\src\usbd_desc.o
                0x200005b0                USBD_LangIDDesc
 .data.DWT_CYCCNT
                0x200005b4        0x4 obj\debug\src\utils.o
                0x200005b4                DWT_CYCCNT
 .data.DWT_CONTROL
                0x200005b8        0x4 obj\debug\src\utils.o
                0x200005b8                DWT_CONTROL
 .data.SCB_DEMCR
                0x200005bc        0x4 obj\debug\src\utils.o
                0x200005bc                SCB_DEMCR
 .data.__fdlib_version
                0x200005c0        0x1 d:/programme/embitz/1.11/share/em_armgcc/bin/../lib/gcc/arm-none-eabi/5.4.1/../../../../arm-none-eabi/lib/armv7e-m/fpu\libm_s.a(lib_a-s_lib_ver.o)
                0x200005c0                __fdlib_version
 *fill*         0x200005c1        0x3 
 .data.__malloc_av_
                0x200005c4      0x408 d:/programme/embitz/1.11/share/em_armgcc/bin/../lib/gcc/arm-none-eabi/5.4.1/../../../../arm-none-eabi/lib/armv7e-m/fpu\libg_s.a(lib_a-mallocr.o)
                0x200005c4                __malloc_av_
 .data.__malloc_trim_threshold
                0x200009cc        0x4 d:/programme/embitz/1.11/share/em_armgcc/bin/../lib/gcc/arm-none-eabi/5.4.1/../../../../arm-none-eabi/lib/armv7e-m/fpu\libg_s.a(lib_a-mallocr.o)
                0x200009cc                __malloc_trim_threshold
 .data.__malloc_sbrk_base
                0x200009d0        0x4 d:/programme/embitz/1.11/share/em_armgcc/bin/../lib/gcc/arm-none-eabi/5.4.1/../../../../arm-none-eabi/lib/armv7e-m/fpu\libg_s.a(lib_a-mallocr.o)
                0x200009d0                __malloc_sbrk_base
 .data.__ctype_ptr__
                0x200009d4        0x4 d:/programme/embitz/1.11/share/em_armgcc/bin/../lib/gcc/arm-none-eabi/5.4.1/../../../../arm-none-eabi/lib/armv7e-m/fpu\libg_s.a(lib_a-ctype_.o)
                0x200009d4                __ctype_ptr__
 .data.lconv    0x200009d8       0x38 d:/programme/embitz/1.11/share/em_armgcc/bin/../lib/gcc/arm-none-eabi/5.4.1/../../../../arm-none-eabi/lib/armv7e-m/fpu\libg_s.a(lib_a-locale.o)
                0x20000a10                . = ALIGN (0x4)
                0x20000a10                _edata = .
                0x0800daa4                _siccmram = LOADADDR (.ccmram)

.jcr            0x20000a10        0x0 load address 0x0800daa4
 .jcr           0x20000a10        0x0 d:/programme/embitz/1.11/share/em_armgcc/bin/../lib/gcc/arm-none-eabi/5.4.1/armv7e-m/fpu/crtbegin.o

.igot.plt       0x20000a10        0x0 load address 0x0800daa4
 .igot.plt      0x20000a10        0x0 d:/programme/embitz/1.11/share/em_armgcc/bin/../lib/gcc/arm-none-eabi/5.4.1/armv7e-m/fpu/crtbegin.o

.ccmram         0x10000000        0x0 load address 0x0800daa4
                0x10000000                . = ALIGN (0x4)
                0x10000000                _sccmram = .
 *(.ccmram)
 *(.ccmram*)
                0x10000000                . = ALIGN (0x4)
                0x10000000                _eccmram = .
                0x10000000                . = ALIGN (0x4)

.bss            0x20000a10     0x1be8
                0x20000a10                _sbss = .
                0x20000a10                __bss_start__ = _sbss
 *(.bss)
 .bss           0x20000a10       0x1c d:/programme/embitz/1.11/share/em_armgcc/bin/../lib/gcc/arm-none-eabi/5.4.1/armv7e-m/fpu/crtbegin.o
 *(.bss*)
 .bss.ifalt.8505
                0x20000a2c        0x1 obj\debug\middlewares\st\stm32_usb_device_library\class\cdc\src\usbd_cdc.o
 .bss.cfgidx.8510
                0x20000a2d        0x1 obj\debug\middlewares\st\stm32_usb_device_library\core\src\usbd_ctlreq.o
 .bss.hal_status
                0x20000a2e        0x1 obj\debug\src\gp22.o
 .bss.hal_status
                0x20000a2f        0x1 obj\debug\src\hw_config.o
 .bss.messung_laeuft
                0x20000a30        0x1 obj\debug\src\main.o
                0x20000a30                messung_laeuft
 .bss.vcom_data_available
                0x20000a31        0x1 obj\debug\src\usbd_cdc_if.o
                0x20000a31                vcom_data_available
 .bss.vcom_binary_data_count
                0x20000a32        0x2 obj\debug\src\usbd_cdc_if.o
                0x20000a32                vcom_binary_data_count
 .bss.VCOM_pBuf_index
                0x20000a34        0x2 obj\debug\src\usbd_cdc_if.o
                0x20000a34                VCOM_pBuf_index
 .bss.rx_bytes  0x20000a36        0x2 obj\debug\src\usbd_cdc_if.o
                0x20000a36                rx_bytes
 .bss.CDC_RxPacketBuffer
                0x20000a38       0x40 obj\debug\src\usbd_cdc_if.o
 .bss.CDC_TxPacketBuffer
                0x20000a78       0x40 obj\debug\src\usbd_cdc_if.o
 .bss.__malloc_max_total_mem
                0x20000ab8        0x4 d:/programme/embitz/1.11/share/em_armgcc/bin/../lib/gcc/arm-none-eabi/5.4.1/../../../../arm-none-eabi/lib/armv7e-m/fpu\libg_s.a(lib_a-mallocr.o)
                0x20000ab8                __malloc_max_total_mem
 .bss.__malloc_max_sbrked_mem
                0x20000abc        0x4 d:/programme/embitz/1.11/share/em_armgcc/bin/../lib/gcc/arm-none-eabi/5.4.1/../../../../arm-none-eabi/lib/armv7e-m/fpu\libg_s.a(lib_a-mallocr.o)
                0x20000abc                __malloc_max_sbrked_mem
 .bss.__malloc_top_pad
                0x20000ac0        0x4 d:/programme/embitz/1.11/share/em_armgcc/bin/../lib/gcc/arm-none-eabi/5.4.1/../../../../arm-none-eabi/lib/armv7e-m/fpu\libg_s.a(lib_a-mallocr.o)
                0x20000ac0                __malloc_top_pad
 .bss.__malloc_current_mallinfo
                0x20000ac4       0x28 d:/programme/embitz/1.11/share/em_armgcc/bin/../lib/gcc/arm-none-eabi/5.4.1/../../../../arm-none-eabi/lib/armv7e-m/fpu\libg_s.a(lib_a-mallocr.o)
                0x20000ac4                __malloc_current_mallinfo
 .bss.heap_end.4169
                0x20000aec        0x4 d:/programme/embitz/1.11/share/em_armgcc/bin/../lib/gcc/arm-none-eabi/5.4.1/../../../../arm-none-eabi/lib/armv7e-m/fpu\libnosys_s.a(sbrk.o)
 *(COMMON)
 COMMON         0x20000af0        0x4 obj\debug\drivers\stm32f4xx_hal_driver\src\stm32f4xx_hal.o
                0x20000af0                uwTick
 COMMON         0x20000af4       0x71 obj\debug\src\gp22.o
                0x20000af4                hGP22_SPI
                0x20000b4c                gp22_result_reg_nr
                0x20000b50                systick_timeout_ms
                0x20000b54                gp22_div_clkhs
                0x20000b55                gp22_use_int
                0x20000b58                mc
                0x20000b5c                pt1000_temp
                0x20000b60                systick_counter_ms
                0x20000b64                gp22_config_reg_nr
 *fill*         0x20000b65        0x3 
 COMMON         0x20000b68     0x1058 obj\debug\src\main.o
                0x20000b68                std_dev
                0x20000b6c                reg2lvdt
                0x20000b70                cc
                0x20000b74                reg0temper
                0x20000b78                elapsed_us
                0x20000b7c                erste_messung
                0x20000b80                res_array
                0x20001b20                result_mask
                0x20001b24                rtdv
                0x20001b28                mess_mode
                0x20001b2c                gp22_temp
                0x20001b30                gp22_clock_calibration_value
                0x20001b34                reg3lvdt
                0x20001b38                calc_std_dev
                0x20001b39                temp_mess
                0x20001b3c                anzahl_mw
                0x20001b40                res_sum
                0x20001b48                anzahl_datenbloecke
                0x20001b49                gp22_channel
                0x20001b4c                cc_prev
                0x20001b50                reg3temper
                0x20001b54                result
                0x20001b64                reg1lvdt
                0x20001b68                reg1temper
                0x20001b6c                reg0lvdt
                0x20001b70                htim
                0x20001bac                gp22_status
                0x20001bae                sys_status
                0x20001baf                hal_status
                0x20001bb0                reg2temper
                0x20001bb8                sum_squares
 COMMON         0x20001bc0      0x224 obj\debug\src\usb_device.o
                0x20001bc0                hUsbDeviceFS
 COMMON         0x20001de4      0x207 obj\debug\src\usbd_cdc_if.o
                0x20001de4                VCOM_pBuf
                0x20001de8                vcom_transfer_mode
                0x20001dec                vcom_answer
                0x20001eec                vcom_command
 *fill*         0x20001feb        0x1 
 COMMON         0x20001fec      0x3f0 obj\debug\src\usbd_conf.o
                0x20001fec                hpcd_USB_OTG_FS
 COMMON         0x200023dc      0x200 obj\debug\src\usbd_desc.o
                0x200023dc                USBD_StrDesc
 COMMON         0x200025dc       0x18 obj\debug\src\utils.o
                0x200025dc                i
                0x200025e0                s_temp
 COMMON         0x200025f4        0x4 d:/programme/embitz/1.11/share/em_armgcc/bin/../lib/gcc/arm-none-eabi/5.4.1/../../../../arm-none-eabi/lib/armv7e-m/fpu\libg_s.a(lib_a-reent.o)
                0x200025f4                errno
                0x200025f8                . = ALIGN (0x4)
                0x200025f8                _ebss = .
                0x200025f8                __bss_end__ = _ebss

._user_heap_stack
                0x200025f8      0xc00
                0x200025f8                . = ALIGN (0x4)
                0x200025f8                PROVIDE (end, .)
                [!provide]                PROVIDE (_end, .)
                0x200029f8                . = (. + _Min_Heap_Size)
 *fill*         0x200025f8      0x400 
                0x200031f8                . = (. + _Min_Stack_Size)
 *fill*         0x200029f8      0x800 
                0x200031f8                . = ALIGN (0x4)

/DISCARD/
 libc.a(*)
 libm.a(*)
 libgcc.a(*)

.ARM.attributes
                0x00000000       0x30
 *(.ARM.attributes)
 .ARM.attributes
                0x00000000       0x22 d:/programme/embitz/1.11/share/em_armgcc/bin/../lib/gcc/arm-none-eabi/5.4.1/armv7e-m/fpu/crti.o
 .ARM.attributes
                0x00000022       0x34 d:/programme/embitz/1.11/share/em_armgcc/bin/../lib/gcc/arm-none-eabi/5.4.1/armv7e-m/fpu/crtbegin.o
 .ARM.attributes
                0x00000056       0x39 obj\debug\drivers\stm32f4xx_hal_driver\src\stm32f4xx_hal.o
 .ARM.attributes
                0x0000008f       0x39 obj\debug\drivers\stm32f4xx_hal_driver\src\stm32f4xx_hal_cortex.o
 .ARM.attributes
                0x000000c8       0x39 obj\debug\drivers\stm32f4xx_hal_driver\src\stm32f4xx_hal_gpio.o
 .ARM.attributes
                0x00000101       0x39 obj\debug\drivers\stm32f4xx_hal_driver\src\stm32f4xx_hal_pcd.o
 .ARM.attributes
                0x0000013a       0x39 obj\debug\drivers\stm32f4xx_hal_driver\src\stm32f4xx_hal_pcd_ex.o
 .ARM.attributes
                0x00000173       0x39 obj\debug\drivers\stm32f4xx_hal_driver\src\stm32f4xx_hal_rcc.o
 .ARM.attributes
                0x000001ac       0x39 obj\debug\drivers\stm32f4xx_hal_driver\src\stm32f4xx_hal_spi.o
 .ARM.attributes
                0x000001e5       0x39 obj\debug\drivers\stm32f4xx_hal_driver\src\stm32f4xx_hal_tim.o
 .ARM.attributes
                0x0000021e       0x39 obj\debug\drivers\stm32f4xx_hal_driver\src\stm32f4xx_ll_usb.o
 .ARM.attributes
                0x00000257       0x39 obj\debug\middlewares\st\stm32_usb_device_library\class\cdc\src\usbd_cdc.o
 .ARM.attributes
                0x00000290       0x39 obj\debug\middlewares\st\stm32_usb_device_library\core\src\usbd_core.o
 .ARM.attributes
                0x000002c9       0x39 obj\debug\middlewares\st\stm32_usb_device_library\core\src\usbd_ctlreq.o
 .ARM.attributes
                0x00000302       0x39 obj\debug\middlewares\st\stm32_usb_device_library\core\src\usbd_ioreq.o
 .ARM.attributes
                0x0000033b       0x39 obj\debug\src\gp22.o
 .ARM.attributes
                0x00000374       0x39 obj\debug\src\hw_config.o
 .ARM.attributes
                0x000003ad       0x39 obj\debug\src\main.o
 .ARM.attributes
                0x000003e6       0x39 obj\debug\src\stm32f4xx_hal_msp.o
 .ARM.attributes
                0x0000041f       0x39 obj\debug\src\stm32f4xx_it.o
 .ARM.attributes
                0x00000458       0x39 obj\debug\src\system_stm32f4xx.o
 .ARM.attributes
                0x00000491       0x39 obj\debug\src\usb_device.o
 .ARM.attributes
                0x000004ca       0x39 obj\debug\src\usbd_cdc_if.o
 .ARM.attributes
                0x00000503       0x39 obj\debug\src\usbd_conf.o
 .ARM.attributes
                0x0000053c       0x39 obj\debug\src\usbd_desc.o
 .ARM.attributes
                0x00000575       0x39 obj\debug\src\utils.o
 .ARM.attributes
                0x000005ae       0x21 obj\debug\startup\startup_stm32f405xx.o
 .ARM.attributes
                0x000005cf       0x34 d:/programme/embitz/1.11/share/em_armgcc/bin/../lib/gcc/arm-none-eabi/5.4.1/../../../../arm-none-eabi/lib/armv7e-m/fpu\libm_s.a(lib_a-w_sqrt.o)
 .ARM.attributes
                0x00000603       0x34 d:/programme/embitz/1.11/share/em_armgcc/bin/../lib/gcc/arm-none-eabi/5.4.1/../../../../arm-none-eabi/lib/armv7e-m/fpu\libm_s.a(lib_a-e_sqrt.o)
 .ARM.attributes
                0x00000637       0x34 d:/programme/embitz/1.11/share/em_armgcc/bin/../lib/gcc/arm-none-eabi/5.4.1/../../../../arm-none-eabi/lib/armv7e-m/fpu\libm_s.a(lib_a-s_lib_ver.o)
 .ARM.attributes
                0x0000066b       0x34 d:/programme/embitz/1.11/share/em_armgcc/bin/../lib/gcc/arm-none-eabi/5.4.1/../../../../arm-none-eabi/lib/armv7e-m/fpu\libm_s.a(lib_a-s_matherr.o)
 .ARM.attributes
                0x0000069f       0x22 d:/programme/embitz/1.11/share/em_armgcc/bin/../lib/gcc/arm-none-eabi/5.4.1/armv7e-m/fpu\libgcc.a(_arm_addsubdf3.o)
 .ARM.attributes
                0x000006c1       0x22 d:/programme/embitz/1.11/share/em_armgcc/bin/../lib/gcc/arm-none-eabi/5.4.1/armv7e-m/fpu\libgcc.a(_arm_muldivdf3.o)
 .ARM.attributes
                0x000006e3       0x22 d:/programme/embitz/1.11/share/em_armgcc/bin/../lib/gcc/arm-none-eabi/5.4.1/armv7e-m/fpu\libgcc.a(_arm_cmpdf2.o)
 .ARM.attributes
                0x00000705       0x22 d:/programme/embitz/1.11/share/em_armgcc/bin/../lib/gcc/arm-none-eabi/5.4.1/armv7e-m/fpu\libgcc.a(_arm_unorddf2.o)
 .ARM.attributes
                0x00000727       0x22 d:/programme/embitz/1.11/share/em_armgcc/bin/../lib/gcc/arm-none-eabi/5.4.1/armv7e-m/fpu\libgcc.a(_arm_truncdfsf2.o)
 .ARM.attributes
                0x00000749       0x22 d:/programme/embitz/1.11/share/em_armgcc/bin/../lib/gcc/arm-none-eabi/5.4.1/armv7e-m/fpu\libgcc.a(_arm_addsubsf3.o)
 .ARM.attributes
                0x0000076b       0x22 d:/programme/embitz/1.11/share/em_armgcc/bin/../lib/gcc/arm-none-eabi/5.4.1/armv7e-m/fpu\libgcc.a(_aeabi_uldivmod.o)
 .ARM.attributes
                0x0000078d       0x34 d:/programme/embitz/1.11/share/em_armgcc/bin/../lib/gcc/arm-none-eabi/5.4.1/armv7e-m/fpu\libgcc.a(_udivmoddi4.o)
 .ARM.attributes
                0x000007c1       0x22 d:/programme/embitz/1.11/share/em_armgcc/bin/../lib/gcc/arm-none-eabi/5.4.1/armv7e-m/fpu\libgcc.a(_dvmd_tls.o)
 .ARM.attributes
                0x000007e3       0x34 d:/programme/embitz/1.11/share/em_armgcc/bin/../lib/gcc/arm-none-eabi/5.4.1/../../../../arm-none-eabi/lib/armv7e-m/fpu\libg_s.a(lib_a-atol.o)
 .ARM.attributes
                0x00000817       0x34 d:/programme/embitz/1.11/share/em_armgcc/bin/../lib/gcc/arm-none-eabi/5.4.1/../../../../arm-none-eabi/lib/armv7e-m/fpu\libg_s.a(lib_a-errno.o)
 .ARM.attributes
                0x0000084b       0x34 d:/programme/embitz/1.11/share/em_armgcc/bin/../lib/gcc/arm-none-eabi/5.4.1/../../../../arm-none-eabi/lib/armv7e-m/fpu\libg_s.a(lib_a-malloc.o)
 .ARM.attributes
                0x0000087f       0x34 d:/programme/embitz/1.11/share/em_armgcc/bin/../lib/gcc/arm-none-eabi/5.4.1/../../../../arm-none-eabi/lib/armv7e-m/fpu\libg_s.a(lib_a-mallocr.o)
 .ARM.attributes
                0x000008b3       0x34 d:/programme/embitz/1.11/share/em_armgcc/bin/../lib/gcc/arm-none-eabi/5.4.1/../../../../arm-none-eabi/lib/armv7e-m/fpu\libg_s.a(lib_a-mlock.o)
 .ARM.attributes
                0x000008e7       0x34 d:/programme/embitz/1.11/share/em_armgcc/bin/../lib/gcc/arm-none-eabi/5.4.1/../../../../arm-none-eabi/lib/armv7e-m/fpu\libg_s.a(lib_a-sbrkr.o)
 .ARM.attributes
                0x0000091b       0x34 d:/programme/embitz/1.11/share/em_armgcc/bin/../lib/gcc/arm-none-eabi/5.4.1/../../../../arm-none-eabi/lib/armv7e-m/fpu\libg_s.a(lib_a-sprintf.o)
 .ARM.attributes
                0x0000094f       0x34 d:/programme/embitz/1.11/share/em_armgcc/bin/../lib/gcc/arm-none-eabi/5.4.1/../../../../arm-none-eabi/lib/armv7e-m/fpu\libg_s.a(lib_a-strcat.o)
 .ARM.attributes
                0x00000983       0x20 d:/programme/embitz/1.11/share/em_armgcc/bin/../lib/gcc/arm-none-eabi/5.4.1/../../../../arm-none-eabi/lib/armv7e-m/fpu\libg_s.a(lib_a-strcmp.o)
 .ARM.attributes
                0x000009a3       0x1b d:/programme/embitz/1.11/share/em_armgcc/bin/../lib/gcc/arm-none-eabi/5.4.1/../../../../arm-none-eabi/lib/armv7e-m/fpu\libg_s.a(lib_a-strlen.o)
 .ARM.attributes
                0x000009be       0x34 d:/programme/embitz/1.11/share/em_armgcc/bin/../lib/gcc/arm-none-eabi/5.4.1/../../../../arm-none-eabi/lib/armv7e-m/fpu\libg_s.a(lib_a-strncmp.o)
 .ARM.attributes
                0x000009f2       0x34 d:/programme/embitz/1.11/share/em_armgcc/bin/../lib/gcc/arm-none-eabi/5.4.1/../../../../arm-none-eabi/lib/armv7e-m/fpu\libg_s.a(lib_a-strncpy.o)
 .ARM.attributes
                0x00000a26       0x34 d:/programme/embitz/1.11/share/em_armgcc/bin/../lib/gcc/arm-none-eabi/5.4.1/../../../../arm-none-eabi/lib/armv7e-m/fpu\libg_s.a(lib_a-strtol.o)
 .ARM.attributes
                0x00000a5a       0x34 d:/programme/embitz/1.11/share/em_armgcc/bin/../lib/gcc/arm-none-eabi/5.4.1/../../../../arm-none-eabi/lib/armv7e-m/fpu\libg_s.a(lib_a-strtoul.o)
 .ARM.attributes
                0x00000a8e       0x34 d:/programme/embitz/1.11/share/em_armgcc/bin/../lib/gcc/arm-none-eabi/5.4.1/../../../../arm-none-eabi/lib/armv7e-m/fpu\libg_s.a(lib_a-svfprintf.o)
 .ARM.attributes
                0x00000ac2       0x34 d:/programme/embitz/1.11/share/em_armgcc/bin/../lib/gcc/arm-none-eabi/5.4.1/../../../../arm-none-eabi/lib/armv7e-m/fpu\libg_s.a(lib_a-ctype_.o)
 .ARM.attributes
                0x00000af6       0x34 d:/programme/embitz/1.11/share/em_armgcc/bin/../lib/gcc/arm-none-eabi/5.4.1/../../../../arm-none-eabi/lib/armv7e-m/fpu\libg_s.a(lib_a-dtoa.o)
 .ARM.attributes
                0x00000b2a       0x34 d:/programme/embitz/1.11/share/em_armgcc/bin/../lib/gcc/arm-none-eabi/5.4.1/../../../../arm-none-eabi/lib/armv7e-m/fpu\libg_s.a(lib_a-freer.o)
 .ARM.attributes
                0x00000b5e       0x34 d:/programme/embitz/1.11/share/em_armgcc/bin/../lib/gcc/arm-none-eabi/5.4.1/../../../../arm-none-eabi/lib/armv7e-m/fpu\libg_s.a(lib_a-locale.o)
 .ARM.attributes
                0x00000b92       0x20 d:/programme/embitz/1.11/share/em_armgcc/bin/../lib/gcc/arm-none-eabi/5.4.1/../../../../arm-none-eabi/lib/armv7e-m/fpu\libg_s.a(lib_a-memchr.o)
 .ARM.attributes
                0x00000bb2       0x34 d:/programme/embitz/1.11/share/em_armgcc/bin/../lib/gcc/arm-none-eabi/5.4.1/../../../../arm-none-eabi/lib/armv7e-m/fpu\libg_s.a(lib_a-memcpy-stub.o)
 .ARM.attributes
                0x00000be6       0x34 d:/programme/embitz/1.11/share/em_armgcc/bin/../lib/gcc/arm-none-eabi/5.4.1/../../../../arm-none-eabi/lib/armv7e-m/fpu\libg_s.a(lib_a-mprec.o)
 .ARM.attributes
                0x00000c1a       0x34 d:/programme/embitz/1.11/share/em_armgcc/bin/../lib/gcc/arm-none-eabi/5.4.1/../../../../arm-none-eabi/lib/armv7e-m/fpu\libg_s.a(lib_a-reent.o)
 .ARM.attributes
                0x00000c4e       0x34 d:/programme/embitz/1.11/share/em_armgcc/bin/../lib/gcc/arm-none-eabi/5.4.1/../../../../arm-none-eabi/lib/armv7e-m/fpu\libg_s.a(lib_a-svfiprintf.o)
 .ARM.attributes
                0x00000c82       0x34 d:/programme/embitz/1.11/share/em_armgcc/bin/../lib/gcc/arm-none-eabi/5.4.1/../../../../arm-none-eabi/lib/armv7e-m/fpu\libg_s.a(lib_a-callocr.o)
 .ARM.attributes
                0x00000cb6       0x34 d:/programme/embitz/1.11/share/em_armgcc/bin/../lib/gcc/arm-none-eabi/5.4.1/../../../../arm-none-eabi/lib/armv7e-m/fpu\libg_s.a(lib_a-memmove.o)
 .ARM.attributes
                0x00000cea       0x34 d:/programme/embitz/1.11/share/em_armgcc/bin/../lib/gcc/arm-none-eabi/5.4.1/../../../../arm-none-eabi/lib/armv7e-m/fpu\libg_s.a(lib_a-reallocr.o)
 .ARM.attributes
                0x00000d1e       0x22 d:/programme/embitz/1.11/share/em_armgcc/bin/../lib/gcc/arm-none-eabi/5.4.1/armv7e-m/fpu\libgcc.a(_arm_fixdfsi.o)
 .ARM.attributes
                0x00000d40       0x34 d:/programme/embitz/1.11/share/em_armgcc/bin/../lib/gcc/arm-none-eabi/5.4.1/../../../../arm-none-eabi/lib/armv7e-m/fpu\libnosys_s.a(sbrk.o)
 .ARM.attributes
                0x00000d74       0x22 d:/programme/embitz/1.11/share/em_armgcc/bin/../lib/gcc/arm-none-eabi/5.4.1/armv7e-m/fpu/crtn.o
LOAD obj\debug\drivers\stm32f4xx_hal_driver\src\stm32f4xx_hal.o
LOAD obj\debug\drivers\stm32f4xx_hal_driver\src\stm32f4xx_hal_cortex.o
LOAD obj\debug\drivers\stm32f4xx_hal_driver\src\stm32f4xx_hal_dma.o
LOAD obj\debug\drivers\stm32f4xx_hal_driver\src\stm32f4xx_hal_dma_ex.o
LOAD obj\debug\drivers\stm32f4xx_hal_driver\src\stm32f4xx_hal_flash.o
LOAD obj\debug\drivers\stm32f4xx_hal_driver\src\stm32f4xx_hal_flash_ex.o
LOAD obj\debug\drivers\stm32f4xx_hal_driver\src\stm32f4xx_hal_flash_ramfunc.o
LOAD obj\debug\drivers\stm32f4xx_hal_driver\src\stm32f4xx_hal_gpio.o
LOAD obj\debug\drivers\stm32f4xx_hal_driver\src\stm32f4xx_hal_i2c.o
LOAD obj\debug\drivers\stm32f4xx_hal_driver\src\stm32f4xx_hal_i2c_ex.o
LOAD obj\debug\drivers\stm32f4xx_hal_driver\src\stm32f4xx_hal_pcd.o
LOAD obj\debug\drivers\stm32f4xx_hal_driver\src\stm32f4xx_hal_pcd_ex.o
LOAD obj\debug\drivers\stm32f4xx_hal_driver\src\stm32f4xx_hal_pwr.o
LOAD obj\debug\drivers\stm32f4xx_hal_driver\src\stm32f4xx_hal_pwr_ex.o
LOAD obj\debug\drivers\stm32f4xx_hal_driver\src\stm32f4xx_hal_rcc.o
LOAD obj\debug\drivers\stm32f4xx_hal_driver\src\stm32f4xx_hal_rcc_ex.o
LOAD obj\debug\drivers\stm32f4xx_hal_driver\src\stm32f4xx_hal_spi.o
LOAD obj\debug\drivers\stm32f4xx_hal_driver\src\stm32f4xx_hal_tim.o
LOAD obj\debug\drivers\stm32f4xx_hal_driver\src\stm32f4xx_hal_tim_ex.o
LOAD obj\debug\drivers\stm32f4xx_hal_driver\src\stm32f4xx_hal_uart.o
LOAD obj\debug\drivers\stm32f4xx_hal_driver\src\stm32f4xx_ll_usb.o
LOAD obj\debug\middlewares\st\stm32_usb_device_library\class\cdc\src\usbd_cdc.o
LOAD obj\debug\middlewares\st\stm32_usb_device_library\core\src\usbd_core.o
LOAD obj\debug\middlewares\st\stm32_usb_device_library\core\src\usbd_ctlreq.o
LOAD obj\debug\middlewares\st\stm32_usb_device_library\core\src\usbd_ioreq.o
LOAD obj\debug\src\gp22.o
LOAD obj\debug\src\hw_config.o
LOAD obj\debug\src\main.o
LOAD obj\debug\src\stm32f4xx_hal_msp.o
LOAD obj\debug\src\stm32f4xx_it.o
LOAD obj\debug\src\system_stm32f4xx.o
LOAD obj\debug\src\usb_device.o
LOAD obj\debug\src\usbd_cdc_if.o
LOAD obj\debug\src\usbd_conf.o
LOAD obj\debug\src\usbd_desc.o
LOAD obj\debug\src\utils.o